Archive member included because of file (symbol)

/Applications/FEH//Proteus/EWL/lib/armv7e-m/libc.a(sprintf.o)
                              Libraries/FEHLCD.o (sprintf)
/Applications/FEH//Proteus/EWL/lib/armv7e-m/libc.a(vsnprintf.o)
                              /Applications/FEH//Proteus/EWL/lib/armv7e-m/libc.a(sprintf.o) (vsnprintf)
/Applications/FEH//Proteus/EWL/lib/armv7e-m/libc.a(exit.o)
                              Startup/__arm_start.o (exit)
/Applications/FEH//Proteus/EWL/lib/armv7e-m/libc.a(memcpy.o)
                              Libraries/FEHServo.o (memcpy)
/Applications/FEH//Proteus/EWL/lib/armv7e-m/libc.a(memset.o)
                              Startup/__arm_start.o (memset)
/Applications/FEH//Proteus/EWL/lib/armv7e-m/libc.a(strcmp.o)
                              Libraries/FEHLCD.o (strcmp)
/Applications/FEH//Proteus/EWL/lib/armv7e-m/libc.a(strcpy.o)
                              Libraries/FEHLCD.o (strcpy)
/Applications/FEH//Proteus/EWL/lib/armv7e-m/libc.a(strlen.o)
                              Libraries/FEHLCD.o (strlen)
/Applications/FEH//Proteus/EWL/lib/armv7e-m/libc.a(printformat_.o)
                              (__pformatter_)
/Applications/FEH//Proteus/EWL/lib/armv7e-m/libc.a(scanformat_.o)
                              (__sformatter)
/Applications/FEH//Proteus/EWL/lib/armv7e-m/libc.a(ctype_aeabi.o)
                              /Applications/FEH//Proteus/EWL/lib/armv7e-m/libc.a(scanformat_.o) (isspace)
/Applications/FEH//Proteus/EWL/lib/armv7e-m/libc.a(__strtoul.o)
                              /Applications/FEH//Proteus/EWL/lib/armv7e-m/libc.a(scanformat_.o) (__strtoul)
/Applications/FEH//Proteus/EWL/lib/armv7e-m/libc.a(__filll_mem.o)
                              /Applications/FEH//Proteus/EWL/lib/armv7e-m/libc.a(memset.o) (__fill_mem)
/Applications/FEH//Proteus/EWL/lib/armv7e-m/libc.a(memchr.o)
                              /Applications/FEH//Proteus/EWL/lib/armv7e-m/libc.a(printformat_.o) (memchr)
/Applications/FEH//Proteus/EWL/lib/armv7e-m/libc.a(strchr.o)
                              /Applications/FEH//Proteus/EWL/lib/armv7e-m/libc.a(printformat_.o) (strchr)
/Applications/FEH/Proteus/GCC/bin/../lib/gcc/arm-none-eabi/4.7.4/armv7e-m/libgcc.a(_arm_addsubdf3.o)
                              ../main.o (__aeabi_dsub)
/Applications/FEH/Proteus/GCC/bin/../lib/gcc/arm-none-eabi/4.7.4/armv7e-m/libgcc.a(_arm_muldivdf3.o)
                              ../main.o (__aeabi_dmul)
/Applications/FEH/Proteus/GCC/bin/../lib/gcc/arm-none-eabi/4.7.4/armv7e-m/libgcc.a(_arm_cmpdf2.o)
                              ../main.o (__aeabi_dcmplt)
/Applications/FEH/Proteus/GCC/bin/../lib/gcc/arm-none-eabi/4.7.4/armv7e-m/libgcc.a(_arm_fixdfsi.o)
                              ../main.o (__aeabi_d2iz)
/Applications/FEH/Proteus/GCC/bin/../lib/gcc/arm-none-eabi/4.7.4/armv7e-m/libgcc.a(_arm_fixunsdfsi.o)
                              Libraries/FEHUtility.o (__aeabi_d2uiz)
/Applications/FEH/Proteus/GCC/bin/../lib/gcc/arm-none-eabi/4.7.4/armv7e-m/libgcc.a(_arm_truncdfsf2.o)
                              Libraries/FEHMotor.o (__aeabi_d2f)
/Applications/FEH/Proteus/GCC/bin/../lib/gcc/arm-none-eabi/4.7.4/armv7e-m/libgcc.a(_arm_addsubsf3.o)
                              Libraries/FEHLCD.o (__aeabi_fsub)
/Applications/FEH/Proteus/GCC/bin/../lib/gcc/arm-none-eabi/4.7.4/armv7e-m/libgcc.a(_arm_muldivsf3.o)
                              Drivers/mcg.o (__aeabi_fmul)
/Applications/FEH/Proteus/GCC/bin/../lib/gcc/arm-none-eabi/4.7.4/armv7e-m/libgcc.a(_arm_cmpsf2.o)
                              Libraries/FEHServo.o (__aeabi_fcmpeq)
/Applications/FEH/Proteus/GCC/bin/../lib/gcc/arm-none-eabi/4.7.4/armv7e-m/libgcc.a(_arm_fixsfsi.o)
                              Libraries/FEHLCD.o (__aeabi_f2iz)
/Applications/FEH/Proteus/GCC/bin/../lib/gcc/arm-none-eabi/4.7.4/armv7e-m/libgcc.a(_arm_fixunssfsi.o)
                              Drivers/mcg.o (__aeabi_f2uiz)
/Applications/FEH//Proteus/EWL/lib/armv7e-m/librt.a(gcc_ctor_dtor.o)
                              Startup/__arm_start.o (__init_cpp)
/Applications/FEH//Proteus/EWL/lib/armv7e-m/librt.a(ROMCopy.o)
                              Startup/__arm_start.o (__copy_rom_sections_to_ram)
/Applications/FEH//Proteus/EWL/lib/armv7e-m/librt.a(__arm_eabi_init.o)
                              /Applications/FEH//Proteus/EWL/lib/armv7e-m/libc.a(exit.o) (__destroy_global_chain)
/Applications/FEH//Proteus/EWL/lib/armv7e-m/librt.a(New.o)
                              Libraries/FEHIO.o (operator new(unsigned int))
/Applications/FEH/Proteus/GCC/bin/../lib/gcc/arm-none-eabi/4.7.4/../../../../arm-none-eabi/lib/armv7e-m/libsupc++.a(class_type_info.o)
                              /Applications/FEH//Proteus/EWL/lib/armv7e-m/librt.a(New.o) (vtable for __cxxabiv1::__class_type_info)
/Applications/FEH/Proteus/GCC/bin/../lib/gcc/arm-none-eabi/4.7.4/../../../../arm-none-eabi/lib/armv7e-m/libsupc++.a(eh_alloc.o)
[...]
Memory Configuration

Name             Origin             Length             Attributes
m_interrupts     0x000000000000c000 0x0000000000000400 xr
m_cfmprotrom     0x000000000000c400 0x0000000000000010 xr
m_text           0x000000000000c410 0x0000000000073bf0 xr
m_data           0x000000001fff0400 0x000000000000fc00 xrw
m_data2          0x0000000020000000 0x0000000000010000 xrw
*default*        0x0000000000000000 0xffffffffffffffff

Linker script and memory map

LOAD ../main.o
LOAD Startup/__arm_start.o
LOAD Startup/__arm_end.o
LOAD Startup/kinetis_sysinit.o
LOAD Libraries/FEHMotor.o
LOAD Drivers/mcg.o
LOAD Drivers/i2c.o
LOAD Drivers/spi.o
LOAD Drivers/uart.o
LOAD Drivers/ff.o
LOAD Drivers/SDHC.o
LOAD Drivers/lptmr.o
LOAD FEHProteus.o
LOAD Drivers/FEHPropeller.o
LOAD Libraries/FEHUtility.o
LOAD Libraries/FEHIO.o
LOAD Drivers/adc16.o
LOAD Libraries/FEHBuzzer.o
LOAD Libraries/FEHServo.o
LOAD Libraries/FEHLCD.o
LOAD Libraries/FEHAccel.o
LOAD Libraries/FEHBattery.o
LOAD Drivers/FEHXBee.o
LOAD Libraries/FEHRPS.o
LOAD Libraries/FEHSD.o
                0x0000000000014410                __pformatter = __pformatter_
                [0x0000000000014808]                __sformatter = __sformatter
LOAD /Applications/FEH//Proteus/EWL/lib/armv7e-m/libstdc++.a
LOAD /Applications/FEH//Proteus/EWL/lib/armv7e-m/libm.a
START GROUP
LOAD /Applications/FEH//Proteus/EWL/lib/armv7e-m/libc.a
LOAD /Applications/FEH//Proteus/EWL/lib/armv7e-m/libc++.a
LOAD /Applications/FEH//Proteus/EWL/lib/armv7e-m/libm.a
LOAD /Applications/FEH/Proteus/GCC/bin/../lib/gcc/arm-none-eabi/4.7.4/armv7e-m/libgcc.a
LOAD /Applications/FEH//Proteus/EWL/lib/armv7e-m/librt.a
LOAD /Applications/FEH/Proteus/GCC/bin/../lib/gcc/arm-none-eabi/4.7.4/../../../../arm-none-eabi/lib/armv7e-m/libsupc++.a
END GROUP
                0x0000000020000000                _estack = 0x20000000
                0x0000000020000000                __SP_INIT = _estack
                0x0000000000000800                __heap_size = 0x800
                0x0000000000000800                __stack_size = 0x800

.interrupts     0x000000000000c000      0x1e0
                0x000000000000c000                __vector_table = .
                0x000000000000c000                . = ALIGN (0x4)
 *(.vectortable)
 .vectortable   0x000000000000c000      0x1e0 Startup/kinetis_sysinit.o
                0x000000000000c1e0                . = ALIGN (0x4)

.cfmprotect     0x000000000000c400        0x0
                0x000000000000c400                . = ALIGN (0x4)
 *(.cfmconfig)
                0x000000000000c400                . = ALIGN (0x4)

.text           0x000000000000c410     0x9534
                0x000000000000c410                . = ALIGN (0x4)
 *(.text)
 .text          0x000000000000c410      0x370 /Applications/FEH/Proteus/GCC/bin/../lib/gcc/arm-none-eabi/4.7.4/armv7e-m/libgcc.a(_arm_addsubdf3.o)
                0x000000000000c410                __aeabi_drsub
                0x000000000000c418                __subdf3
                0x000000000000c418                __aeabi_dsub
                0x000000000000c41c                __aeabi_dadd
                0x000000000000c41c                __adddf3
                0x000000000000c694                __aeabi_ui2d
                0x000000000000c694                __floatunsidf
                0x000000000000c6b4                __floatsidf
                0x000000000000c6b4                __aeabi_i2d
                0x000000000000c6d8                __extendsfdf2
                0x000000000000c6d8                __aeabi_f2d
                0x000000000000c714                __aeabi_ul2d
                0x000000000000c714                __floatundidf
                0x000000000000c724                __aeabi_l2d
                0x000000000000c724                __floatdidf
 .text          0x000000000000c780      0x424 /Applications/FEH/Proteus/GCC/bin/../lib/gcc/arm-none-eabi/4.7.4/armv7e-m/libgcc.a(_arm_muldivdf3.o)
                0x000000000000c780                __aeabi_dmul
                0x000000000000c780                __muldf3
                0x000000000000c9d4                __aeabi_ddiv
                0x000000000000c9d4                __divdf3
 .text          0x000000000000cba4      0x110 /Applications/FEH/Proteus/GCC/bin/../lib/gcc/arm-none-eabi/4.7.4/armv7e-m/libgcc.a(_arm_cmpdf2.o)
                0x000000000000cba4                __gtdf2
                0x000000000000cba4                __gedf2
                0x000000000000cbac                __ltdf2
                0x000000000000cbac                __ledf2
                0x000000000000cbb4                __eqdf2
                0x000000000000cbb4                __nedf2
                0x000000000000cbb4                __cmpdf2
                0x000000000000cc30                __aeabi_cdrcmple
                0x000000000000cc40                __aeabi_cdcmple
                0x000000000000cc40                __aeabi_cdcmpeq
                0x000000000000cc50                __aeabi_dcmpeq
                0x000000000000cc64                __aeabi_dcmplt
                0x000000000000cc78                __aeabi_dcmple
                0x000000000000cc8c                __aeabi_dcmpge
                0x000000000000cca0                __aeabi_dcmpgt
 .text          0x000000000000ccb4       0x50 /Applications/FEH/Proteus/GCC/bin/../lib/gcc/arm-none-eabi/4.7.4/armv7e-m/libgcc.a(_arm_fixdfsi.o)
                0x000000000000ccb4                __fixdfsi
                0x000000000000ccb4                __aeabi_d2iz
 .text          0x000000000000cd04       0x40 /Applications/FEH/Proteus/GCC/bin/../lib/gcc/arm-none-eabi/4.7.4/armv7e-m/libgcc.a(_arm_fixunsdfsi.o)
                0x000000000000cd04                __fixunsdfsi
                0x000000000000cd04                __aeabi_d2uiz
 .text          0x000000000000cd44       0xa0 /Applications/FEH/Proteus/GCC/bin/../lib/gcc/arm-none-eabi/4.7.4/armv7e-m/libgcc.a(_arm_truncdfsf2.o)
                0x000000000000cd44                __aeabi_d2f
                0x000000000000cd44                __truncdfsf2
 .text          0x000000000000cde4      0x21c /Applications/FEH/Proteus/GCC/bin/../lib/gcc/arm-none-eabi/4.7.4/armv7e-m/libgcc.a(_arm_addsubsf3.o)
                0x000000000000cde4                __aeabi_frsub
                0x000000000000cdec                __aeabi_fsub
                0x000000000000cdec                __subsf3
                0x000000000000cdf0                __aeabi_fadd
                0x000000000000cdf0                __addsf3
                0x000000000000cf50                __aeabi_ui2f
                0x000000000000cf50                __floatunsisf
                0x000000000000cf58                __floatsisf
                0x000000000000cf58                __aeabi_i2f
                0x000000000000cf74                __aeabi_ul2f
                0x000000000000cf74                __floatundisf
                0x000000000000cf84                __aeabi_l2f
                0x000000000000cf84                __floatdisf
 .text          0x000000000000d000      0x2a0 /Applications/FEH/Proteus/GCC/bin/../lib/gcc/arm-none-eabi/4.7.4/armv7e-m/libgcc.a(_arm_muldivsf3.o)
                0x000000000000d000                __mulsf3
                0x000000000000d000                __aeabi_fmul
                0x000000000000d168                __divsf3
                0x000000000000d168                __aeabi_fdiv
 .text          0x000000000000d2a0       0xec /Applications/FEH/Proteus/GCC/bin/../lib/gcc/arm-none-eabi/4.7.4/armv7e-m/libgcc.a(_arm_cmpsf2.o)
                0x000000000000d2a0                __gesf2
                0x000000000000d2a0                __gtsf2
                0x000000000000d2a8                __ltsf2
                0x000000000000d2a8                __lesf2
                0x000000000000d2b0                __nesf2
                0x000000000000d2b0                __eqsf2
                0x000000000000d2b0                __cmpsf2
                0x000000000000d310                __aeabi_cfrcmple
                0x000000000000d318                __aeabi_cfcmpeq
                0x000000000000d318                __aeabi_cfcmple
                0x000000000000d328                __aeabi_fcmpeq
                0x000000000000d33c                __aeabi_fcmplt
                0x000000000000d350                __aeabi_fcmple
                0x000000000000d364                __aeabi_fcmpge
                0x000000000000d378                __aeabi_fcmpgt
 *(.text*)
 .text._Z11printCountsii
                0x000000000000d38c       0xc4 ../main.o
                0x000000000000d38c                printCounts(int, int)
 .text._Z4stopv
                0x000000000000d450       0x20 ../main.o
                0x000000000000d450                stop()
 .text._Z12DriveForwardid
                0x000000000000d470      0x110 ../main.o
                0x000000000000d470                DriveForward(int, double)
 .text._Z13DriveBackwardi
                0x000000000000d580       0x48 ../main.o
                0x000000000000d580                DriveBackward(int)
 .text._Z13DriveBackwardid
                0x000000000000d5c8      0x118 ../main.o
                0x000000000000d5c8                DriveBackward(int, double)
 .text._Z8turnLeftid
                0x000000000000d6e0      0x110 ../main.o
                0x000000000000d6e0                turnLeft(int, double)
 .text._Z13isBackPressedv
                0x000000000000d7f0       0x7c ../main.o
                0x000000000000d7f0                isBackPressed()
 .text._Z13getLightColorv
                0x000000000000d86c      0x170 ../main.o
                0x000000000000d86c                getLightColor()
 .text._Z10StartLightv
                0x000000000000d9dc       0xac ../main.o
                0x000000000000d9dc                StartLight()
 .text.main     0x000000000000da88      0x210 ../main.o
                0x000000000000da88                main
 .text._Z41__static_initialization_and_destruction_0ii
                0x000000000000dc98       0xb4 ../main.o
 .text._GLOBAL__sub_I_shaftEncoderLeft
                0x000000000000dd4c       0x14 ../main.o
 .text.zero_fill_bss
                0x000000000000dd60       0x2c Startup/__arm_start.o
 .text.__thumb_startup
                0x000000000000dd8c       0x34 Startup/__arm_start.o
                0x000000000000dd8c                __thumb_startup
 .text.InitFEHProteus
                0x000000000000ddc0      0x15c Startup/__arm_start.o
                0x000000000000ddc0                InitFEHProteus
 .text.pll_init_bl
                0x000000000000df1c      0x130 Startup/__arm_start.o
 .text.InitPowerButton
                0x000000000000e04c       0x90 Startup/__arm_start.o
                0x000000000000e04c                InitPowerButton
 .text._ExitProcess
                0x000000000000e0dc        0xc Startup/__arm_end.o
                0x000000000000e0dc                _ExitProcess
 .text.Default_Handler
                0x000000000000e0e8        0xc Startup/kinetis_sysinit.o
                0x000000000000e0e8                UsageFault_Handler()
                0x000000000000e0e8                HardFault_Handler()
                0x000000000000e0e8                SysTick_Handler()
                0x000000000000e0e8                PendSV_Handler()
                0x000000000000e0e8                DebugMonitor_Handler()
                0x000000000000e0e8                MemManage_Handler()
                0x000000000000e0e8                NMI_Handler()
                0x000000000000e0e8                SVC_Handler()
                0x000000000000e0e8                Default_Handler
                0x000000000000e0e8                BusFault_Handler()
 .text.__init_hardware
                0x000000000000e0f4       0x44 Startup/kinetis_sysinit.o
                0x000000000000e0f4                __init_hardware
 .text._Z8PortDISRv
                0x000000000000e138       0x64 Startup/kinetis_sysinit.o
                0x000000000000e138                PortDISR()
 *fill*         0x000000000000e19c        0x4 00
 .text._ZN8FEHMotorC2ENS_12FEHMotorPortEf
                0x000000000000e1a0       0x90 Libraries/FEHMotor.o
                0x000000000000e1a0                FEHMotor::FEHMotor(FEHMotor::FEHMotorPort, float)
                0x000000000000e1a0                FEHMotor::FEHMotor(FEHMotor::FEHMotorPort, float)
 .text._ZN8FEHMotor4StopEv
                0x000000000000e230       0x3c Libraries/FEHMotor.o
                0x000000000000e230                FEHMotor::Stop()
 .text._ZN8FEHMotor8SetPowerEi
                0x000000000000e26c       0x60 Libraries/FEHMotor.o
                0x000000000000e26c                FEHMotor::SetPower(int)
 *fill*         0x000000000000e2cc        0x4 00
 .text._ZN8FEHMotor10SetPercentEf
                0x000000000000e2d0      0x128 Libraries/FEHMotor.o
                0x000000000000e2d0                FEHMotor::SetPercent(float)
 .text._Z21IIC_StartTransmissionhh
                0x000000000000e3f8       0x98 Drivers/i2c.o
                0x000000000000e3f8                IIC_StartTransmission(unsigned char, unsigned char)
 .text._Z5Pausev
                0x000000000000e490       0x34 Drivers/i2c.o
                0x000000000000e490                Pause()
 .text._Z21MMA8451QWriteRegisterhh
                0x000000000000e4c4      0x12c Drivers/i2c.o
                0x000000000000e4c4                MMA8451QWriteRegister(unsigned char, unsigned char)
 .text._Z12SPI_SendCharh
                0x000000000000e5f0       0x1c Drivers/spi.o
                0x000000000000e5f0                SPI_SendChar(unsigned char)
 .text._Z16SPI_WriteCommandhh
                0x000000000000e60c       0x34 Drivers/spi.o
                0x000000000000e60c                SPI_WriteCommand(unsigned char, unsigned char)
 .text._Z13SPI_CS_Assertv
                0x000000000000e640       0x24 Drivers/spi.o
                0x000000000000e640                SPI_CS_Assert()
 .text._Z15SPI_CS_Deassertv
                0x000000000000e664       0x24 Drivers/spi.o
                0x000000000000e664                SPI_CS_Deassert()
 .text._Z12SPI_Transferh
                0x000000000000e688       0x88 Drivers/spi.o
                0x000000000000e688                SPI_Transfer(unsigned char)
 .text._Z8SPI_Initv
                0x000000000000e710       0xe8 Drivers/spi.o
                0x000000000000e710                SPI_Init()
 .text._Z9uart_initPV11UART_MemMapii
                0x000000000000e7f8      0x20c Drivers/uart.o
                0x000000000000e7f8                uart_init(UART_MemMap volatile*, int, int)
 .text._Z12uart_getcharPV11UART_MemMap
                0x000000000000ea04       0x34 Drivers/uart.o
                0x000000000000ea04                uart_getchar(UART_MemMap volatile*)
 .text._Z12uart_putcharPV11UART_MemMapc
                0x000000000000ea38       0x38 Drivers/uart.o
                0x000000000000ea38                uart_putchar(UART_MemMap volatile*, char)
 .text._ZL7mem_setPvij
                0x000000000000ea70       0x44 Drivers/ff.o
 .text._ZL11move_windowP5FATFSm
                0x000000000000eab4       0xf0 Drivers/ff.o
 .text._ZL4syncP5FATFS
                0x000000000000eba4      0x188 Drivers/ff.o
 .text._ZL8validateP5FATFSt
                0x000000000000ed2c       0x5c Drivers/ff.o
 .text._Z6f_syncP3FIL
                0x000000000000ed88      0x1c0 Drivers/ff.o
                0x000000000000ed88                f_sync(FIL*)
 .text._Z7f_closeP3FIL
                0x000000000000ef48       0x2c Drivers/ff.o
                0x000000000000ef48                f_close(FIL*)
 .text._ZL17SDHC_set_baudratemm
                0x000000000000ef74      0x148 Drivers/SDHC.o
 .text._Z9SDHC_initP17esdhc_info_structPK17esdhc_init_struct
                0x000000000000f0bc      0x1c4 Drivers/SDHC.o
                0x000000000000f0bc                SDHC_init(esdhc_info_struct*, esdhc_init_struct const*)
 .text._ZL15SDHC_is_runningv
                0x000000000000f280       0x28 Drivers/SDHC.o
 .text._ZL16SDHC_status_waitm
                0x000000000000f2a8       0x38 Drivers/SDHC.o
 .text._ZL17SDHC_send_commandP20esdhc_command_struct
                0x000000000000f2e0      0x29c Drivers/SDHC.o
 .text._Z10SDHC_ioctlmPv
                0x000000000000f57c      0x96c Drivers/SDHC.o
                0x000000000000f57c                SDHC_ioctl(unsigned long, void*)
 .text._ZL14rcvr_datablockPhm
                0x000000000000fee8      0x134 Drivers/SDHC.o
 .text._Z9disk_readhPhmh
                0x000000000001001c      0x144 Drivers/SDHC.o
                0x000000000001001c                disk_read(unsigned char, unsigned char*, unsigned long, unsigned char)
 .text._ZL14xmit_datablockPKhm
                0x0000000000010160       0xe0 Drivers/SDHC.o
 .text._Z10disk_writehPKhmh
                0x0000000000010240      0x1d4 Drivers/SDHC.o
                0x0000000000010240                disk_write(unsigned char, unsigned char const*, unsigned long, unsigned char)
 .text._Z10disk_ioctlhhPv
                0x0000000000010414      0x130 Drivers/SDHC.o
                0x0000000000010414                disk_ioctl(unsigned char, unsigned char, void*)
 .text._Z11disk_statush
                0x0000000000010544       0x30 Drivers/SDHC.o
                0x0000000000010544                disk_status(unsigned char)
 .text._Z13time_delay_msm
                0x0000000000010574       0xa4 Drivers/lptmr.o
                0x0000000000010574                time_delay_ms(unsigned long)
 .text._Z41__static_initialization_and_destruction_0ii
                0x0000000000010618       0x30 FEHProteus.o
 .text._GLOBAL__sub_I_Propeller
                0x0000000000010648       0x14 FEHProteus.o
 .text._ZN12FEHPropellerC2Ev
                0x000000000001065c       0x20 Drivers/FEHPropeller.o
                0x000000000001065c                FEHPropeller::FEHPropeller()
                0x000000000001065c                FEHPropeller::FEHPropeller()
 .text._ZN12FEHPropeller10InitializeEv
                0x000000000001067c       0x94 Drivers/FEHPropeller.o
                0x000000000001067c                FEHPropeller::Initialize()
 .text._ZN12FEHPropeller12SetMotorRateEhhh
                0x0000000000010710       0x78 Drivers/FEHPropeller.o
                0x0000000000010710                FEHPropeller::SetMotorRate(unsigned char, unsigned char, unsigned char)
 .text._ZL5Delaymjj
                0x0000000000010788       0xc0 Libraries/FEHUtility.o
 .text._Z5Sleepi
                0x0000000000010848       0x34 Libraries/FEHUtility.o
                0x0000000000010848                Sleep(int)
 .text._Z5Sleepd
                0x000000000001087c       0x58 Libraries/FEHUtility.o
                0x000000000001087c                Sleep(double)
 .text._ZN15DigitalInputPinC2EN5FEHIO8FEHIOPinE
                0x00000000000108d4       0x24 Libraries/FEHIO.o
                0x00000000000108d4                DigitalInputPin::DigitalInputPin(FEHIO::FEHIOPin)
                0x00000000000108d4                DigitalInputPin::DigitalInputPin(FEHIO::FEHIOPin)
 .text._ZN15DigitalInputPin10InitializeEN5FEHIO8FEHIOPinE
                0x00000000000108f8      0x21c Libraries/FEHIO.o
                0x00000000000108f8                DigitalInputPin::Initialize(FEHIO::FEHIOPin)
 .text._ZN15DigitalInputPin5ValueEv
                0x0000000000010b14      0x13c Libraries/FEHIO.o
                0x0000000000010b14                DigitalInputPin::Value()
 .text._ZN14DigitalEncoderC2EN5FEHIO8FEHIOPinE
                0x0000000000010c50       0x2c Libraries/FEHIO.o
                0x0000000000010c50                DigitalEncoder::DigitalEncoder(FEHIO::FEHIOPin)
                0x0000000000010c50                DigitalEncoder::DigitalEncoder(FEHIO::FEHIOPin)
 .text._Z10enable_irqi
                0x0000000000010c7c      0x1c0 Libraries/FEHIO.o
                0x0000000000010c7c                enable_irq(int)
 .text._ZN14DigitalEncoder10InitializeEN5FEHIO8FEHIOPinENS0_21FEHIOInterruptTriggerE
                0x0000000000010e3c      0x21c Libraries/FEHIO.o
                0x0000000000010e3c                DigitalEncoder::Initialize(FEHIO::FEHIOPin, FEHIO::FEHIOInterruptTrigger)
 .text._Z9portB_isrv
                0x0000000000011058       0xd0 Libraries/FEHIO.o
                0x0000000000011058                portB_isr()
 .text._Z9portC_isrv
                0x0000000000011128       0xd4 Libraries/FEHIO.o
                0x0000000000011128                portC_isr()
 .text._Z9portA_isrv
                0x00000000000111fc       0xd4 Libraries/FEHIO.o
                0x00000000000111fc                portA_isr()
 .text._Z9portE_isrv
                0x00000000000112d0       0xcc Libraries/FEHIO.o
                0x00000000000112d0                portE_isr()
 .text._ZN14DigitalEncoder6CountsEv
                0x000000000001139c       0x28 Libraries/FEHIO.o
                0x000000000001139c                DigitalEncoder::Counts()
 .text._ZN14DigitalEncoder11ResetCountsEv
                0x00000000000113c4       0x28 Libraries/FEHIO.o
                0x00000000000113c4                DigitalEncoder::ResetCounts()
 .text._ZN14AnalogInputPinC2EN5FEHIO8FEHIOPinE
                0x00000000000113ec       0x20 Libraries/FEHIO.o
                0x00000000000113ec                AnalogInputPin::AnalogInputPin(FEHIO::FEHIOPin)
                0x00000000000113ec                AnalogInputPin::AnalogInputPin(FEHIO::FEHIOPin)
 *fill*         0x000000000001140c        0x4 00
 .text._ZN14AnalogInputPin5ValueEv
                0x0000000000011410      0x180 Libraries/FEHIO.o
                0x0000000000011410                AnalogInputPin::Value()
 .text._ZN13AnalogEncoder12EncoderValueEv
                0x0000000000011590       0xe4 Libraries/FEHIO.o
                0x0000000000011590                AnalogEncoder::EncoderValue()
 .text._ZN14AnalogInputPin8InitADCsEv
                0x0000000000011674      0x120 Libraries/FEHIO.o
                0x0000000000011674                AnalogInputPin::InitADCs()
 .text._Z8pit0_isrv
                0x0000000000011794       0x34 Libraries/FEHIO.o
                0x0000000000011794                pit0_isr()
 .text._ZN13AnalogEncoder4InitEv
                0x00000000000117c8       0x64 Libraries/FEHIO.o
                0x00000000000117c8                AnalogEncoder::Init()
 .text._ZN13AnalogEncoder14SetCounterInitEj
                0x000000000001182c       0x20 Libraries/FEHIO.o
                0x000000000001182c                AnalogEncoder::SetCounterInit(unsigned int)
 .text._ZN13AnalogEncoder10ProcessIntEv
                0x000000000001184c       0x80 Libraries/FEHIO.o
                0x000000000001184c                AnalogEncoder::ProcessInt()
 .text._ZN13AnalogEncoder14ProcessIntSelfEv
                0x00000000000118cc       0x80 Libraries/FEHIO.o
                0x00000000000118cc                AnalogEncoder::ProcessIntSelf()
 .text._Z7ADC_CalPV10ADC_MemMap
                0x000000000001194c      0x138 Drivers/adc16.o
                0x000000000001194c                ADC_Cal(ADC_MemMap volatile*)
 .text._Z14ADC_Config_AltPV10ADC_MemMapP7adc_cfg
                0x0000000000011a84       0x6c Drivers/adc16.o
                0x0000000000011a84                ADC_Config_Alt(ADC_MemMap volatile*, adc_cfg*)
 .text._ZN9FEHBuzzerC2Ev
                0x0000000000011af0       0x18 Libraries/FEHBuzzer.o
                0x0000000000011af0                FEHBuzzer::FEHBuzzer()
                0x0000000000011af0                FEHBuzzer::FEHBuzzer()
 .text._Z41__static_initialization_and_destruction_0ii
                0x0000000000011b08       0x30 Libraries/FEHBuzzer.o
 .text._GLOBAL__sub_I_Buzzer
                0x0000000000011b38       0x14 Libraries/FEHBuzzer.o
 .text._ZN8FEHServoC2ENS_12FEHServoPortE
                0x0000000000011b4c       0x3c Libraries/FEHServo.o
                0x0000000000011b4c                FEHServo::FEHServo(FEHServo::FEHServoPort)
                0x0000000000011b4c                FEHServo::FEHServo(FEHServo::FEHServoPort)
 .text._ZN6FEHLCD11_InitializeEv
                0x0000000000011b88      0x5d8 Libraries/FEHLCD.o
                0x0000000000011b88                FEHLCD::_Initialize()
 .text._ZN6FEHLCDC2Ev
                0x0000000000012160       0x64 Libraries/FEHLCD.o
                0x0000000000012160                FEHLCD::FEHLCD()
                0x0000000000012160                FEHLCD::FEHLCD()
 .text._ZN6FEHLCD10InitializeEv
                0x00000000000121c4       0x38 Libraries/FEHLCD.o
                0x00000000000121c4                FEHLCD::Initialize()
 .text._ZN6FEHLCD10PrintImageEii
                0x00000000000121fc      0x100 Libraries/FEHLCD.o
                0x00000000000121fc                FEHLCD::PrintImage(int, int)
 .text._ZN6FEHLCD9PrintLogoEii
                0x00000000000122fc      0x100 Libraries/FEHLCD.o
                0x00000000000122fc                FEHLCD::PrintLogo(int, int)
 .text._ZN6FEHLCD22ConvertFEHColorTo24BitENS_11FEHLCDColorE
                0x00000000000123fc       0x80 Libraries/FEHLCD.o
                0x00000000000123fc                FEHLCD::ConvertFEHColorTo24Bit(FEHLCD::FEHLCDColor)
 .text._ZN6FEHLCD24Convert24BitColorTo16BitEj
                0x000000000001247c       0x40 Libraries/FEHLCD.o
                0x000000000001247c                FEHLCD::Convert24BitColorTo16Bit(unsigned int)
 .text._ZN6FEHLCD22ConvertRGBColorTo16BitEhhh
                0x00000000000124bc       0x44 Libraries/FEHLCD.o
                0x00000000000124bc                FEHLCD::ConvertRGBColorTo16Bit(unsigned char, unsigned char, unsigned char)
 .text._ZN6FEHLCD5ClearENS_11FEHLCDColorE
                0x0000000000012500       0x28 Libraries/FEHLCD.o
                0x0000000000012500                FEHLCD::Clear(FEHLCD::FEHLCDColor)
 .text._ZN6FEHLCD5ClearEj
                0x0000000000012528       0x2c Libraries/FEHLCD.o
                0x0000000000012528                FEHLCD::Clear(unsigned int)
 .text._ZN6FEHLCD5ClearEv
                0x0000000000012554       0x18 Libraries/FEHLCD.o
                0x0000000000012554                FEHLCD::Clear()
 .text._ZN6FEHLCD18SetBackgroundColorENS_11FEHLCDColorE
                0x000000000001256c       0x28 Libraries/FEHLCD.o
                0x000000000001256c                FEHLCD::SetBackgroundColor(FEHLCD::FEHLCDColor)
 .text._ZN6FEHLCD18SetBackgroundColorEj
                0x0000000000012594       0x28 Libraries/FEHLCD.o
                0x0000000000012594                FEHLCD::SetBackgroundColor(unsigned int)
 .text._ZN6FEHLCD12SetFontColorENS_11FEHLCDColorE
                0x00000000000125bc       0x28 Libraries/FEHLCD.o
                0x00000000000125bc                FEHLCD::SetFontColor(FEHLCD::FEHLCDColor)
 .text._ZN6FEHLCD12SetFontColorEj
                0x00000000000125e4       0x28 Libraries/FEHLCD.o
                0x00000000000125e4                FEHLCD::SetFontColor(unsigned int)
 .text._ZN6FEHLCD7WriteAtEPKcii
                0x000000000001260c       0x58 Libraries/FEHLCD.o
                0x000000000001260c                FEHLCD::WriteAt(char const*, int, int)
 .text._ZN6FEHLCD11TS_SPI_InitEv
                0x0000000000012664       0xa8 Libraries/FEHLCD.o
                0x0000000000012664                FEHLCD::TS_SPI_Init()
 .text._ZN6FEHLCD5WriteEPKc
                0x000000000001270c       0x5c Libraries/FEHLCD.o
                0x000000000001270c                FEHLCD::Write(char const*)
 .text._ZN6FEHLCD5WriteEi
                0x0000000000012768       0x34 Libraries/FEHLCD.o
                0x0000000000012768                FEHLCD::Write(int)
 .text._ZN6FEHLCD5WriteEb
                0x000000000001279c       0x38 Libraries/FEHLCD.o
                0x000000000001279c                FEHLCD::Write(bool)
 .text._ZN6FEHLCD9WriteLineEPKc
                0x00000000000127d4       0x28 Libraries/FEHLCD.o
                0x00000000000127d4                FEHLCD::WriteLine(char const*)
 .text._ZN6FEHLCD9WriteLineEi
                0x00000000000127fc       0x28 Libraries/FEHLCD.o
                0x00000000000127fc                FEHLCD::WriteLine(int)
 .text._ZN6FEHLCD9WriteLineEb
                0x0000000000012824       0x2c Libraries/FEHLCD.o
                0x0000000000012824                FEHLCD::WriteLine(bool)
 .text._ZN6FEHLCD10WriteIndexEh
                0x0000000000012850      0x26c Libraries/FEHLCD.o
                0x0000000000012850                FEHLCD::WriteIndex(unsigned char)
 .text._ZN6FEHLCD14WriteParameterEh
                0x0000000000012abc      0x238 Libraries/FEHLCD.o
                0x0000000000012abc                FEHLCD::WriteParameter(unsigned char)
 .text._ZN6FEHLCD6_ClearEv
                0x0000000000012cf4      0x21c Libraries/FEHLCD.o
                0x0000000000012cf4                FEHLCD::_Clear()
 .text._ZN6FEHLCD8NextLineEv
                0x0000000000012f10       0x30 Libraries/FEHLCD.o
                0x0000000000012f10                FEHLCD::NextLine()
 .text._ZN6FEHLCD9CheckLineEv
                0x0000000000012f40       0x2c Libraries/FEHLCD.o
                0x0000000000012f40                FEHLCD::CheckLine()
 .text._ZN6FEHLCD8NextCharEv
                0x0000000000012f6c       0x34 Libraries/FEHLCD.o
                0x0000000000012f6c                FEHLCD::NextChar()
 .text._ZN6FEHLCD13SetDrawRegionEiiii
                0x0000000000012fa0      0x10c Libraries/FEHLCD.o
                0x0000000000012fa0                FEHLCD::SetDrawRegion(int, int, int, int)
 .text._ZN6FEHLCD9WriteCharEiic
                0x00000000000130ac       0x40 Libraries/FEHLCD.o
                0x00000000000130ac                FEHLCD::WriteChar(int, int, char)
 .text._ZN6FEHLCD11WriteCharAtEiic
                0x00000000000130ec      0x288 Libraries/FEHLCD.o
                0x00000000000130ec                FEHLCD::WriteCharAt(int, int, char)
 .text._ZN6FEHLCD11RepeatColorEv
                0x0000000000013374       0xbc Libraries/FEHLCD.o
                0x0000000000013374                FEHLCD::RepeatColor()
 .text._ZN6FEHLCD10_ForePixelEv
                0x0000000000013430      0x154 Libraries/FEHLCD.o
                0x0000000000013430                FEHLCD::_ForePixel()
 .text._ZN6FEHLCD10_BackPixelEv
                0x0000000000013584      0x154 Libraries/FEHLCD.o
                0x0000000000013584                FEHLCD::_BackPixel()
 .text._ZN6FEHLCD22SetRegisterColorValuesEv
                0x00000000000136d8      0x478 Libraries/FEHLCD.o
                0x00000000000136d8                FEHLCD::SetRegisterColorValues()
 .text._Z41__static_initialization_and_destruction_0ii
                0x0000000000013b50       0x30 Libraries/FEHLCD.o
 .text._GLOBAL__sub_I_image
                0x0000000000013b80       0x14 Libraries/FEHLCD.o
 .text._ZN8FEHAccelC2Ev
                0x0000000000013b94       0x8c Libraries/FEHAccel.o
                0x0000000000013b94                FEHAccel::FEHAccel()
                0x0000000000013b94                FEHAccel::FEHAccel()
 .text._Z41__static_initialization_and_destruction_0ii
                0x0000000000013c20       0x30 Libraries/FEHAccel.o
 .text._GLOBAL__sub_I_Accel
                0x0000000000013c50       0x14 Libraries/FEHAccel.o
 .text._ZN10FEHBatteryC2EN5FEHIO8FEHIOPinE
                0x0000000000013c64       0x24 Libraries/FEHBattery.o
                0x0000000000013c64                FEHBattery::FEHBattery(FEHIO::FEHIOPin)
                0x0000000000013c64                FEHBattery::FEHBattery(FEHIO::FEHIOPin)
 .text._Z41__static_initialization_and_destruction_0ii
                0x0000000000013c88       0x34 Libraries/FEHBattery.o
 .text._GLOBAL__sub_I_Battery
                0x0000000000013cbc       0x14 Libraries/FEHBattery.o
 .text._ZN7FEHXBeeC2Ev
                0x0000000000013cd0       0x20 Drivers/FEHXBee.o
                0x0000000000013cd0                FEHXBee::FEHXBee()
                0x0000000000013cd0                FEHXBee::FEHXBee()
 .text._ZN7FEHXBee17SetPacketCallBackEPFvPhhE
                0x0000000000013cf0       0x20 Drivers/FEHXBee.o
                0x0000000000013cf0                FEHXBee::SetPacketCallBack(void (*)(unsigned char*, unsigned char))
 .text._Z9UART0_ISRv
                0x0000000000013d10      0x174 Drivers/FEHXBee.o
                0x0000000000013d10                UART0_ISR()
 .text._ZN6FEHRPSC2Ev
                0x0000000000013e84       0x88 Libraries/FEHRPS.o
                0x0000000000013e84                FEHRPS::FEHRPS()
                0x0000000000013e84                FEHRPS::FEHRPS()
 .text._Z14RPSDataProcessPhh
                0x0000000000013f0c      0x1a8 Libraries/FEHRPS.o
                0x0000000000013f0c                RPSDataProcess(unsigned char*, unsigned char)
 .text._Z41__static_initialization_and_destruction_0ii
                0x00000000000140b4       0x30 Libraries/FEHRPS.o
 .text._GLOBAL__sub_I_RPS
                0x00000000000140e4       0x14 Libraries/FEHRPS.o
 .text._ZN5FEHSDC2Ev
                0x00000000000140f8       0x24 Libraries/FEHSD.o
                0x00000000000140f8                FEHSD::FEHSD()
                0x00000000000140f8                FEHSD::FEHSD()
 .text._ZN5FEHSD8CloseLogEv
                0x000000000001411c       0x38 Libraries/FEHSD.o
                0x000000000001411c                FEHSD::CloseLog()
 .text._Z41__static_initialization_and_destruction_0ii
                0x0000000000014154       0x30 Libraries/FEHSD.o
 .text._GLOBAL__sub_I_SD
                0x0000000000014184       0x14 Libraries/FEHSD.o
 .text.sprintf  0x0000000000014198       0x1c /Applications/FEH//Proteus/EWL/lib/armv7e-m/libc.a(sprintf.o)
                0x0000000000014198                sprintf
 .text.__StringWrite
                0x00000000000141b4       0x2a /Applications/FEH//Proteus/EWL/lib/armv7e-m/libc.a(vsnprintf.o)
                0x00000000000141b4                __StringWrite
 *fill*         0x00000000000141de        0x2 00
 .text.vsnprintf
                0x00000000000141e0       0x34 /Applications/FEH//Proteus/EWL/lib/armv7e-m/libc.a(vsnprintf.o)
                0x00000000000141e0                vsnprintf
 .text.exit     0x0000000000014214       0x38 /Applications/FEH//Proteus/EWL/lib/armv7e-m/libc.a(exit.o)
                0x0000000000014214                exit
 .text.memcpy   0x000000000001424c       0x12 /Applications/FEH//Proteus/EWL/lib/armv7e-m/libc.a(memcpy.o)
                0x000000000001424c                memcpy
 .text.memset   0x000000000001425e        0xc /Applications/FEH//Proteus/EWL/lib/armv7e-m/libc.a(memset.o)
                0x000000000001425e                memset
 .text.strlen   0x000000000001426a       0x10 /Applications/FEH//Proteus/EWL/lib/armv7e-m/libc.a(strlen.o)
                0x000000000001426a                strlen
 .text.long2str.isra.0
                0x000000000001427a      0x196 /Applications/FEH//Proteus/EWL/lib/armv7e-m/libc.a(printformat_.o)
 .text.__pformatter_
                0x0000000000014410      0x3f8 /Applications/FEH//Proteus/EWL/lib/armv7e-m/libc.a(printformat_.o)
                0x0000000000014410                __pformatter_
 .text.__sformatter
                0x0000000000014808      0x6f4 /Applications/FEH//Proteus/EWL/lib/armv7e-m/libc.a(scanformat_.o)
                0x0000000000014808                __sformatter
 .text.isalpha  0x0000000000014efc       0x1c /Applications/FEH//Proteus/EWL/lib/armv7e-m/libc.a(ctype_aeabi.o)
                0x0000000000014efc                isalpha
 .text.isspace  0x0000000000014f18       0x1c /Applications/FEH//Proteus/EWL/lib/armv7e-m/libc.a(ctype_aeabi.o)
                0x0000000000014f18                isspace
 .text.toupper  0x0000000000014f34        0xc /Applications/FEH//Proteus/EWL/lib/armv7e-m/libc.a(ctype_aeabi.o)
                0x0000000000014f34                toupper
 .text.__strtoul
                0x0000000000014f40      0x214 /Applications/FEH//Proteus/EWL/lib/armv7e-m/libc.a(__strtoul.o)
                0x0000000000014f40                __strtoul
 .text.__fill_mem
                0x0000000000015154       0x76 /Applications/FEH//Proteus/EWL/lib/armv7e-m/libc.a(__filll_mem.o)
                0x0000000000015154                __fill_mem
 .text.memchr   0x00000000000151ca       0x18 /Applications/FEH//Proteus/EWL/lib/armv7e-m/libc.a(memchr.o)
                0x00000000000151ca                memchr
 .text.strchr   0x00000000000151e2       0x1a /Applications/FEH//Proteus/EWL/lib/armv7e-m/libc.a(strchr.o)
                0x00000000000151e2                strchr
 .text.__init_cpp
                0x00000000000151fc       0x4c /Applications/FEH//Proteus/EWL/lib/armv7e-m/librt.a(gcc_ctor_dtor.o)
                0x00000000000151fc                __init_cpp
 .text.__fini_cpp
                0x0000000000015248       0x34 /Applications/FEH//Proteus/EWL/lib/armv7e-m/librt.a(gcc_ctor_dtor.o)
                0x0000000000015248                __fini_cpp
 .text.__copy_rom_section
                0x000000000001527c       0x44 /Applications/FEH//Proteus/EWL/lib/armv7e-m/librt.a(ROMCopy.o)
                0x000000000001527c                __copy_rom_section
 .text.__copy_rom_sections_to_ram
                0x00000000000152c0       0x30 /Applications/FEH//Proteus/EWL/lib/armv7e-m/librt.a(ROMCopy.o)
                0x00000000000152c0                __copy_rom_sections_to_ram
 .text.__destroy_global_chain
                0x00000000000152f0       0x18 /Applications/FEH//Proteus/EWL/lib/armv7e-m/librt.a(__arm_eabi_init.o)
                0x00000000000152f0                __destroy_global_chain
 .text.__init_registers
                0x0000000000015308       0x24 /Applications/FEH//Proteus/EWL/lib/armv7e-m/librt.a(__arm_eabi_init.o)
                0x0000000000015308                __init_registers
 .text.__init_user
                0x000000000001532c        0x4 /Applications/FEH//Proteus/EWL/lib/armv7e-m/librt.a(__arm_eabi_init.o)
                0x000000000001532c                __init_user
 *(.rodata)
 .rodata        0x0000000000015330      0x208 ../main.o
 .rodata        0x0000000000015538       0x78 Libraries/FEHIO.o
 .rodata        0x00000000000155b0       0x34 Libraries/FEHLCD.o
 *(.rodata*)
 .rodata.K60_SDHC0_init
                0x00000000000155e4        0xc Drivers/SDHC.o
                0x00000000000155e4                K60_SDHC0_init
 .rodata._ZL21ESDHC_COMMAND_XFERTYP
                0x00000000000155f0      0x100 Drivers/SDHC.o
 .rodata._ZL9GPIOPorts
                0x00000000000156f0       0x20 Libraries/FEHIO.o
 .rodata._ZL10ADCNumbers
                0x0000000000015710       0x24 Libraries/FEHIO.o
 .rodata._ZL14GPIOPinNumbers
                0x0000000000015734       0x80 Libraries/FEHIO.o
 .rodata._ZL16AnalogPinNumbers
                0x00000000000157b4       0x84 Libraries/FEHIO.o
 .rodata.str1.1
                0x0000000000015838        0x1 /Applications/FEH//Proteus/EWL/lib/armv7e-m/libc.a(printformat_.o)
 .rodata.CSWTCH.20
                0x0000000000015839        0x5 /Applications/FEH//Proteus/EWL/lib/armv7e-m/libc.a(printformat_.o)
 .rodata.CSWTCH.21
                0x000000000001583e        0x5 /Applications/FEH//Proteus/EWL/lib/armv7e-m/libc.a(printformat_.o)
 .rodata.__aeabi_ctype_table_C
                0x0000000000015843      0x101 /Applications/FEH//Proteus/EWL/lib/armv7e-m/libc.a(ctype_aeabi.o)
                0x0000000000015843                __aeabi_ctype_table_C
 *(.glue_7)
 .glue_7        0x0000000000000000        0x0 linker stubs
 *(.glue_7t)
 .glue_7t       0x0000000000000000        0x0 linker stubs
 *(.eh_frame)
 *(.init)
 *(.fini)
                0x0000000000015944                . = ALIGN (0x4)
                0x0000000000015944                _etext = .

.vfp11_veneer   0x0000000000015944        0x0
 .vfp11_veneer  0x0000000000000000        0x0 linker stubs

.v4_bx          0x0000000000015944        0x0
 .v4_bx         0x0000000000000000        0x0 linker stubs

.iplt           0x0000000000015944        0x0
 .iplt          0x0000000000000000        0x0 ../main.o

.rel.dyn        0x0000000000015944        0x0
 .rel.iplt      0x0000000000000000        0x0 ../main.o

.ARM.extab
 *(.ARM.extab* .gnu.linkonce.armextab.*)

.ARM            0x0000000000015944        0x0
                0x0000000000015944                __exidx_start = .
 *(.ARM.exidx*)
                0x0000000000015944                __exidx_end = .

.ctors          0x0000000000015944        0x0
                0x0000000000015944                __CTOR_LIST__ = .
 *crtbegin.o(.ctors)
 *(EXCLUDE_FILE(*crtend.o) .ctors)
 *(SORT(.ctors.*))
 *(.ctors)
                0x0000000000015944                __CTOR_END__ = .

.dtors          0x0000000000015944        0x0
                0x0000000000015944                __DTOR_LIST__ = .
 *crtbegin.o(.dtors)
 *(EXCLUDE_FILE(*crtend.o) .dtors)
 *(SORT(.dtors.*))
 *(.dtors)
                0x0000000000015944                __DTOR_END__ = .

.preinit_array  0x0000000000015944        0x0
                0x0000000000015944                PROVIDE (__preinit_array_start, .)
 *(.preinit_array*)
                0x0000000000015944                PROVIDE (__preinit_array_end, .)

.init_array     0x0000000000015944       0x20
                0x0000000000015944                PROVIDE (__init_array_start, .)
 *(SORT(.init_array.*))
 *(.init_array*)
 .init_array    0x0000000000015944        0x4 ../main.o
 .init_array    0x0000000000015948        0x4 FEHProteus.o
 .init_array    0x000000000001594c        0x4 Libraries/FEHBuzzer.o
 .init_array    0x0000000000015950        0x4 Libraries/FEHLCD.o
 .init_array    0x0000000000015954        0x4 Libraries/FEHAccel.o
 .init_array    0x0000000000015958        0x4 Libraries/FEHBattery.o
 .init_array    0x000000000001595c        0x4 Libraries/FEHRPS.o
 .init_array    0x0000000000015960        0x4 Libraries/FEHSD.o
                0x0000000000015964                PROVIDE (__init_array_end, .)

.fini_array     0x0000000000015964        0x0
                0x0000000000015964                PROVIDE (__fini_array_start, .)
 *(SORT(.fini_array.*))
 *(.fini_array*)
                0x0000000000015964                PROVIDE (__fini_array_end, .)
                0x0000000000015964                ___ROM_AT = .

.data           0x000000001fff0400      0xd4c load address 0x0000000000015964
                0x000000001fff0400                . = ALIGN (0x4)
                0x000000001fff0400                _sdata = .
 *(.data)
 *(.data*)
 .data.lightThresholdBlue
                0x000000001fff0400        0x8 ../main.o
                0x000000001fff0400                lightThresholdBlue
 .data.lightThresholdBlueTolerance
                0x000000001fff0408        0x8 ../main.o
                0x000000001fff0408                lightThresholdBlueTolerance
 .data.lightThresholdRed
                0x000000001fff0410        0x8 ../main.o
                0x000000001fff0410                lightThresholdRed
 .data.lightThresholdRedTolerance
                0x000000001fff0418        0x8 ../main.o
                0x000000001fff0418                lightThresholdRedTolerance
 .data.lightThresholdNone
                0x000000001fff0420        0x8 ../main.o
                0x000000001fff0420                lightThresholdNone
 .data.lightThresholdNoneTolerance
                0x000000001fff0428        0x8 ../main.o
                0x000000001fff0428                lightThresholdNoneTolerance
 .data._ZL4Stat
                0x000000001fff0430        0x1 Drivers/SDHC.o
 *fill*         0x000000001fff0431        0x3 00
 .data.image    0x000000001fff0434      0x750 Libraries/FEHLCD.o
                0x000000001fff0434                image
 .data.logo     0x000000001fff0b84      0x3e8 Libraries/FEHLCD.o
                0x000000001fff0b84                logo
 .data._ZN6FEHLCD8fontDataE
                0x000000001fff0f6c      0x1e0 Libraries/FEHLCD.o
                0x000000001fff0f6c                FEHLCD::fontData
                0x000000001fff114c                . = ALIGN (0x4)
                0x000000001fff114c                _edata = .
                0x0000000000000d4c                ___data_size = (_edata - _sdata)
                0x00000000000166b0                ___m_data2_ROMStart = (___ROM_AT + SIZEOF (.data))

.igot.plt       0x000000001fff114c        0x0 load address 0x00000000000166b0
 .igot.plt      0x0000000000000000        0x0 ../main.o

.user_data2     0x0000000020000000        0x0 load address 0x00000000000166b0
                0x0000000020000000                . = ALIGN (0x4)
                0x0000000020000000                ___m_data2_RAMStart = .
 *(.data2)
                0x0000000020000000                ___m_data2_RAMEnd = .
                0x0000000020000000                . = ALIGN (0x4)
                0x0000000000000000                ___m_data2_ROMSize = (___m_data2_RAMEnd - ___m_data2_RAMStart)
                0x0000000020000000                . = ALIGN (0x4)

.bss            0x000000001fff114c      0x5e0 load address 0x00000000000166b0
                0x000000001fff114c                __START_BSS = .
                0x000000001fff114c                PROVIDE (__bss_start__, __START_BSS)
 *(.bss)
 *(.bss*)
 .bss.shaftEncoderLeft
                0x000000001fff114c        0x4 ../main.o
                0x000000001fff114c                shaftEncoderLeft
 .bss.shaftEncoderRight
                0x000000001fff1150        0x4 ../main.o
                0x000000001fff1150                shaftEncoderRight
 .bss.driveMotorLeft
                0x000000001fff1154        0x8 ../main.o
                0x000000001fff1154                driveMotorLeft
 .bss.driveMotorRight
                0x000000001fff115c        0x8 ../main.o
                0x000000001fff115c                driveMotorRight
 .bss.servoMotor
                0x000000001fff1164        0xc ../main.o
                0x000000001fff1164                servoMotor
 .bss.bumpBackLeft
                0x000000001fff1170        0x4 ../main.o
                0x000000001fff1170                bumpBackLeft
 .bss.bumpBackRight
                0x000000001fff1174        0x4 ../main.o
                0x000000001fff1174                bumpBackRight
 .bss.CdSCell   0x000000001fff1178        0x4 ../main.o
                0x000000001fff1178                CdSCell
 .bss._ZL4argv  0x000000001fff117c        0x4 Startup/__arm_start.o
 .bss.MasterTransmission
                0x000000001fff1180        0x1 Drivers/i2c.o
                0x000000001fff1180                MasterTransmission
 .bss.SlaveID   0x000000001fff1181        0x1 Drivers/i2c.o
                0x000000001fff1181                SlaveID
 *fill*         0x000000001fff1182        0x2 00
 .bss.SDHC_Card
                0x000000001fff1184       0x14 Drivers/SDHC.o
                0x000000001fff1184                SDHC_Card
 .bss.SDHC_Info
                0x000000001fff1198      0x204 Drivers/SDHC.o
                0x000000001fff1198                SDHC_Info
 .bss.SDHC_Device
                0x000000001fff139c        0x8 Drivers/SDHC.o
                0x000000001fff139c                SDHC_Device
 .bss.Propeller
                0x000000001fff13a4        0x4 FEHProteus.o
                0x000000001fff13a4                Propeller
 .bss.CoreClockKHz
                0x000000001fff13a8        0x4 FEHProteus.o
                0x000000001fff13a8                CoreClockKHz
 .bss.CoreClockMHz
                0x000000001fff13ac        0x4 FEHProteus.o
                0x000000001fff13ac                CoreClockMHz
 .bss.PeripheralClockKHz
                0x000000001fff13b0        0x4 FEHProteus.o
                0x000000001fff13b0                PeripheralClockKHz
 .bss._ZN14AnalogInputPin17Master_Adc_ConfigE
                0x000000001fff13b4       0x10 Libraries/FEHIO.o
                0x000000001fff13b4                AnalogInputPin::Master_Adc_Config
 .bss._ZN14AnalogInputPin18Encoder_Adc_ConfigE
                0x000000001fff13c4       0x10 Libraries/FEHIO.o
                0x000000001fff13c4                AnalogInputPin::Encoder_Adc_Config
 .bss.interrupt_counts
                0x000000001fff13d4       0x80 Libraries/FEHIO.o
                0x000000001fff13d4                interrupt_counts
 .bss._ZN13AnalogEncoder7pinListE
                0x000000001fff1454        0x4 Libraries/FEHIO.o
                0x000000001fff1454                AnalogEncoder::pinList
 .bss.__interrupt_counter
                0x000000001fff1458        0x4 Libraries/FEHIO.o
                0x000000001fff1458                __interrupt_counter
 .bss.Buzzer    0x000000001fff145c        0x4 Libraries/FEHBuzzer.o
                0x000000001fff145c                Buzzer
 .bss.LCD       0x000000001fff1460       0x44 Libraries/FEHLCD.o
                0x000000001fff1460                LCD
 .bss.initialized
                0x000000001fff14a4        0x1 Libraries/FEHLCD.o
                0x000000001fff14a4                initialized
 *fill*         0x000000001fff14a5        0x3 00
 .bss.Accel     0x000000001fff14a8        0x4 Libraries/FEHAccel.o
                0x000000001fff14a8                Accel
 .bss.Battery   0x000000001fff14ac        0x4 Libraries/FEHBattery.o
                0x000000001fff14ac                Battery
 .bss.XBeeDataProcess
                0x000000001fff14b0        0x4 Drivers/FEHXBee.o
                0x000000001fff14b0                XBeeDataProcess
 .bss._xbeebuffer
                0x000000001fff14b4       0x10 Drivers/FEHXBee.o
                0x000000001fff14b4                _xbeebuffer
 .bss._xbeebufferindex
                0x000000001fff14c4        0x1 Drivers/FEHXBee.o
                0x000000001fff14c4                _xbeebufferindex
 .bss._xbeestate
                0x000000001fff14c5        0x1 Drivers/FEHXBee.o
                0x000000001fff14c5                _xbeestate
 .bss._xbeebytereceived
                0x000000001fff14c6        0x1 Drivers/FEHXBee.o
                0x000000001fff14c6                _xbeebytereceived
 .bss._xbeebyte
                0x000000001fff14c7        0x1 Drivers/FEHXBee.o
                0x000000001fff14c7                _xbeebyte
 .bss.RPS       0x000000001fff14c8        0x8 Libraries/FEHRPS.o
                0x000000001fff14c8                RPS
 .bss._enabled  0x000000001fff14d0        0x1 Libraries/FEHRPS.o
                0x000000001fff14d0                _enabled
 *fill*         0x000000001fff14d1        0x3 00
 .bss._RPS_x    0x000000001fff14d4        0x4 Libraries/FEHRPS.o
                0x000000001fff14d4                _RPS_x
 .bss._RPS_y    0x000000001fff14d8        0x4 Libraries/FEHRPS.o
                0x000000001fff14d8                _RPS_y
 .bss._RPS_heading
                0x000000001fff14dc        0x4 Libraries/FEHRPS.o
                0x000000001fff14dc                _RPS_heading
 .bss._RPS_objective
                0x000000001fff14e0        0x4 Libraries/FEHRPS.o
                0x000000001fff14e0                _RPS_objective
 .bss._RPS_time
                0x000000001fff14e4        0x1 Libraries/FEHRPS.o
                0x000000001fff14e4                _RPS_time
 .bss._RPS_stop
                0x000000001fff14e5        0x1 Libraries/FEHRPS.o
                0x000000001fff14e5                _RPS_stop
 .bss._RPS_foundpacket
                0x000000001fff14e6        0x1 Libraries/FEHRPS.o
                0x000000001fff14e6                _RPS_foundpacket
 *fill*         0x000000001fff14e7        0x1 00
 .bss.SD        0x000000001fff14e8        0x4 Libraries/FEHSD.o
                0x000000001fff14e8                SD
 .bss.logfil    0x000000001fff14ec      0x228 Libraries/FEHSD.o
                0x000000001fff14ec                logfil
 .bss.__stdio_exit
                0x000000001fff1714        0x4 /Applications/FEH//Proteus/EWL/lib/armv7e-m/libc.a(exit.o)
                0x000000001fff1714                __stdio_exit
 .bss.__console_exit
                0x000000001fff1718        0x4 /Applications/FEH//Proteus/EWL/lib/armv7e-m/libc.a(exit.o)
                0x000000001fff1718                __console_exit
 .bss.__S_romp  0x000000001fff171c        0xc /Applications/FEH//Proteus/EWL/lib/armv7e-m/librt.a(ROMCopy.o)
 .bss.__global_destructor_chain
                0x000000001fff1728        0x4 /Applications/FEH//Proteus/EWL/lib/armv7e-m/librt.a(__arm_eabi_init.o)
                0x000000001fff1728                __global_destructor_chain
 *(COMMON)
                0x000000001fff172c                . = ALIGN (0x4)
                0x000000001fff172c                __END_BSS = .
                0x000000001fff172c                PROVIDE (__bss_end__, __END_BSS)

._user_heap_stack
                0x000000001fff172c     0x1000 load address 0x0000000000016c90
                0x000000001fff172c                . = ALIGN (0x4)
                0x000000001fff172c                PROVIDE (end, .)
                0x000000001fff172c                PROVIDE (_end, .)
                0x000000001fff172c                __heap_addr = .
                0x000000001fff1f2c                . = (. + __heap_size)
 *fill*         0x000000001fff172c      0x800 00
                0x000000001fff272c                . = (. + __stack_size)
 *fill*         0x000000001fff1f2c      0x800 00
                0x000000001fff272c                . = ALIGN (0x4)
                0x00000000000166b0                _romp_at = ((___ROM_AT + SIZEOF (.data)) + SIZEOF (.user_data2))

.romp           0x0000000020000000       0x24 load address 0x00000000000166b0
                0x00000000000166b0                __S_romp = _romp_at
                0x0000000020000000        0x4 LONG 0x15964 ___ROM_AT
                0x0000000020000004        0x4 LONG 0x1fff0400 _sdata
                0x0000000020000008        0x4 LONG 0xd4c ___data_size
                0x000000002000000c        0x4 LONG 0x166b0 ___m_data2_ROMStart
                0x0000000020000010        0x4 LONG 0x20000000 ___m_data2_RAMStart
                0x0000000020000014        0x4 LONG 0x0 ___m_data2_ROMSize
                0x0000000020000018        0x4 LONG 0x0
                0x000000002000001c        0x4 LONG 0x0
                0x0000000020000020        0x4 LONG 0x0

.ARM.attributes
                0x0000000000000000       0x33
 *(.ARM.attributes)
 .ARM.attributes
                0x0000000000000000       0x33 ../main.o
 .ARM.attributes
                0x0000000000000033       0x33 Startup/__arm_start.o
 .ARM.attributes
                0x0000000000000066       0x33 Startup/__arm_end.o
 .ARM.attributes
                0x0000000000000099       0x33 Startup/kinetis_sysinit.o
 .ARM.attributes
                0x00000000000000cc       0x33 Libraries/FEHMotor.o
 .ARM.attributes
                0x00000000000000ff       0x33 Drivers/i2c.o
 .ARM.attributes
                0x0000000000000132       0x33 Drivers/spi.o
 .ARM.attributes
                0x0000000000000165       0x33 Drivers/uart.o
 .ARM.attributes
                0x0000000000000198       0x33 Drivers/ff.o
 .ARM.attributes
                0x00000000000001cb       0x33 Drivers/SDHC.o
 .ARM.attributes
                0x00000000000001fe       0x33 Drivers/lptmr.o
 .ARM.attributes
                0x0000000000000231       0x33 FEHProteus.o
 .ARM.attributes
                0x0000000000000264       0x33 Drivers/FEHPropeller.o
 .ARM.attributes
                0x0000000000000297       0x33 Libraries/FEHUtility.o
 .ARM.attributes
                0x00000000000002ca       0x33 Libraries/FEHIO.o
 .ARM.attributes
                0x00000000000002fd       0x33 Drivers/adc16.o
 .ARM.attributes
                0x0000000000000330       0x33 Libraries/FEHBuzzer.o
 .ARM.attributes
                0x0000000000000363       0x33 Libraries/FEHServo.o
 .ARM.attributes
                0x0000000000000396       0x33 Libraries/FEHLCD.o
 .ARM.attributes
                0x00000000000003c9       0x33 Libraries/FEHAccel.o
 .ARM.attributes
                0x00000000000003fc       0x33 Libraries/FEHBattery.o
 .ARM.attributes
                0x000000000000042f       0x33 Drivers/FEHXBee.o
 .ARM.attributes
                0x0000000000000462       0x33 Libraries/FEHRPS.o
 .ARM.attributes
                0x0000000000000495       0x33 Libraries/FEHSD.o
 .ARM.attributes
                0x00000000000004c8       0x33 /Applications/FEH//Proteus/EWL/lib/armv7e-m/libc.a(sprintf.o)
 .ARM.attributes
                0x00000000000004fb       0x33 /Applications/FEH//Proteus/EWL/lib/armv7e-m/libc.a(vsnprintf.o)
 .ARM.attributes
                0x000000000000052e       0x33 /Applications/FEH//Proteus/EWL/lib/armv7e-m/libc.a(exit.o)
 .ARM.attributes
                0x0000000000000561       0x33 /Applications/FEH//Proteus/EWL/lib/armv7e-m/libc.a(memcpy.o)
 .ARM.attributes
                0x0000000000000594       0x33 /Applications/FEH//Proteus/EWL/lib/armv7e-m/libc.a(memset.o)
 .ARM.attributes
                0x00000000000005c7       0x33 /Applications/FEH//Proteus/EWL/lib/armv7e-m/libc.a(strlen.o)
 .ARM.attributes
                0x00000000000005fa       0x33 /Applications/FEH//Proteus/EWL/lib/armv7e-m/libc.a(printformat_.o)
 .ARM.attributes
                0x000000000000062d       0x33 /Applications/FEH//Proteus/EWL/lib/armv7e-m/libc.a(scanformat_.o)
 .ARM.attributes
                0x0000000000000660       0x33 /Applications/FEH//Proteus/EWL/lib/armv7e-m/libc.a(ctype_aeabi.o)
 .ARM.attributes
                0x0000000000000693       0x33 /Applications/FEH//Proteus/EWL/lib/armv7e-m/libc.a(__strtoul.o)
 .ARM.attributes
                0x00000000000006c6       0x33 /Applications/FEH//Proteus/EWL/lib/armv7e-m/libc.a(__filll_mem.o)
 .ARM.attributes
                0x00000000000006f9       0x33 /Applications/FEH//Proteus/EWL/lib/armv7e-m/libc.a(memchr.o)
 .ARM.attributes
                0x000000000000072c       0x33 /Applications/FEH//Proteus/EWL/lib/armv7e-m/libc.a(strchr.o)
 .ARM.attributes
                0x000000000000075f       0x1e /Applications/FEH/Proteus/GCC/bin/../lib/gcc/arm-none-eabi/4.7.4/armv7e-m/libgcc.a(_arm_addsubdf3.o)
 .ARM.attributes
                0x000000000000077d       0x1e /Applications/FEH/Proteus/GCC/bin/../lib/gcc/arm-none-eabi/4.7.4/armv7e-m/libgcc.a(_arm_muldivdf3.o)
 .ARM.attributes
                0x000000000000079b       0x1e /Applications/FEH/Proteus/GCC/bin/../lib/gcc/arm-none-eabi/4.7.4/armv7e-m/libgcc.a(_arm_cmpdf2.o)
 .ARM.attributes
                0x00000000000007b9       0x1e /Applications/FEH/Proteus/GCC/bin/../lib/gcc/arm-none-eabi/4.7.4/armv7e-m/libgcc.a(_arm_fixdfsi.o)
 .ARM.attributes
                0x00000000000007d7       0x1e /Applications/FEH/Proteus/GCC/bin/../lib/gcc/arm-none-eabi/4.7.4/armv7e-m/libgcc.a(_arm_fixunsdfsi.o)
 .ARM.attributes
                0x00000000000007f5       0x1e /Applications/FEH/Proteus/GCC/bin/../lib/gcc/arm-none-eabi/4.7.4/armv7e-m/libgcc.a(_arm_truncdfsf2.o)
 .ARM.attributes
                0x0000000000000813       0x1e /Applications/FEH/Proteus/GCC/bin/../lib/gcc/arm-none-eabi/4.7.4/armv7e-m/libgcc.a(_arm_addsubsf3.o)
 .ARM.attributes
                0x0000000000000831       0x1e /Applications/FEH/Proteus/GCC/bin/../lib/gcc/arm-none-eabi/4.7.4/armv7e-m/libgcc.a(_arm_muldivsf3.o)
 .ARM.attributes
                0x000000000000084f       0x1e /Applications/FEH/Proteus/GCC/bin/../lib/gcc/arm-none-eabi/4.7.4/armv7e-m/libgcc.a(_arm_cmpsf2.o)
 .ARM.attributes
                0x000000000000086d       0x33 /Applications/FEH//Proteus/EWL/lib/armv7e-m/librt.a(gcc_ctor_dtor.o)
 .ARM.attributes
                0x00000000000008a0       0x33 /Applications/FEH//Proteus/EWL/lib/armv7e-m/librt.a(ROMCopy.o)
 .ARM.attributes
                0x00000000000008d3       0x33 /Applications/FEH//Proteus/EWL/lib/armv7e-m/librt.a(__arm_eabi_init.o)
OUTPUT(../Robot_Code.elf elf32-littlearm)

.debug_info     0x0000000000000000    0x145de
 .debug_info    0x0000000000000000     0x175f ../main.o
 .debug_info    0x000000000000175f     0x12c4 Startup/__arm_start.o
 .debug_info    0x0000000000002a23       0x50 Startup/__arm_end.o
 .debug_info    0x0000000000002a73      0x57c Startup/kinetis_sysinit.o
 .debug_info    0x0000000000002fef      0x331 Libraries/FEHMotor.o
 .debug_info    0x0000000000003320      0x24f Drivers/i2c.o
 .debug_info    0x000000000000356f      0x6c7 Drivers/spi.o
 .debug_info    0x0000000000003c36      0x594 Drivers/uart.o
 .debug_info    0x00000000000041ca     0x1d9e Drivers/ff.o
 .debug_info    0x0000000000005f68      0xf15 Drivers/SDHC.o
 .debug_info    0x0000000000006e7d      0x2d6 Drivers/lptmr.o
 .debug_info    0x0000000000007153      0x19f FEHProteus.o
 .debug_info    0x00000000000072f2      0x71e Drivers/FEHPropeller.o
 .debug_info    0x0000000000007a10      0x36b Libraries/FEHUtility.o
 .debug_info    0x0000000000007d7b     0x1c8b Libraries/FEHIO.o
 .debug_info    0x0000000000009a06      0x4a3 Drivers/adc16.o
 .debug_info    0x0000000000009ea9      0xa3e Libraries/FEHBuzzer.o
 .debug_info    0x000000000000a8e7     0x1503 Libraries/FEHServo.o
 .debug_info    0x000000000000bdea     0x2c2c Libraries/FEHLCD.o
 .debug_info    0x000000000000ea16      0x266 Libraries/FEHAccel.o
 .debug_info    0x000000000000ec7c      0x3ac Libraries/FEHBattery.o
 .debug_info    0x000000000000f028      0xac6 Drivers/FEHXBee.o
 .debug_info    0x000000000000faee     0x1989 Libraries/FEHRPS.o
 .debug_info    0x0000000000011477     0x1245 Libraries/FEHSD.o
 .debug_info    0x00000000000126bc      0x11e /Applications/FEH//Proteus/EWL/lib/armv7e-m/libc.a(sprintf.o)
 .debug_info    0x00000000000127da      0x205 /Applications/FEH//Proteus/EWL/lib/armv7e-m/libc.a(vsnprintf.o)
 .debug_info    0x00000000000129df       0xe8 /Applications/FEH//Proteus/EWL/lib/armv7e-m/libc.a(exit.o)
 .debug_info    0x0000000000012ac7      0x10f /Applications/FEH//Proteus/EWL/lib/armv7e-m/libc.a(memcpy.o)
 .debug_info    0x0000000000012bd6       0xec /Applications/FEH//Proteus/EWL/lib/armv7e-m/libc.a(memset.o)
 .debug_info    0x0000000000012cc2       0xeb /Applications/FEH//Proteus/EWL/lib/armv7e-m/libc.a(strlen.o)
 .debug_info    0x0000000000012dad      0x50e /Applications/FEH//Proteus/EWL/lib/armv7e-m/libc.a(printformat_.o)
 .debug_info    0x00000000000132bb      0x565 /Applications/FEH//Proteus/EWL/lib/armv7e-m/libc.a(scanformat_.o)
 .debug_info    0x0000000000013820      0x306 /Applications/FEH//Proteus/EWL/lib/armv7e-m/libc.a(ctype_aeabi.o)
 .debug_info    0x0000000000013b26      0x1d6 /Applications/FEH//Proteus/EWL/lib/armv7e-m/libc.a(__strtoul.o)
 .debug_info    0x0000000000013cfc      0x135 /Applications/FEH//Proteus/EWL/lib/armv7e-m/libc.a(__filll_mem.o)
 .debug_info    0x0000000000013e31      0x120 /Applications/FEH//Proteus/EWL/lib/armv7e-m/libc.a(memchr.o)
 .debug_info    0x0000000000013f51      0x108 /Applications/FEH//Proteus/EWL/lib/armv7e-m/libc.a(strchr.o)
 .debug_info    0x0000000000014059      0x136 /Applications/FEH//Proteus/EWL/lib/armv7e-m/librt.a(gcc_ctor_dtor.o)
 .debug_info    0x000000000001418f      0x19a /Applications/FEH//Proteus/EWL/lib/armv7e-m/librt.a(ROMCopy.o)
 .debug_info    0x0000000000014329      0x2b5 /Applications/FEH//Proteus/EWL/lib/armv7e-m/librt.a(__arm_eabi_init.o)

.debug_abbrev   0x0000000000000000     0x3d45
 .debug_abbrev  0x0000000000000000      0x333 ../main.o
 .debug_abbrev  0x0000000000000333      0x28b Startup/__arm_start.o
 .debug_abbrev  0x00000000000005be       0x41 Startup/__arm_end.o
 .debug_abbrev  0x00000000000005ff      0x186 Startup/kinetis_sysinit.o
 .debug_abbrev  0x0000000000000785      0x18b Libraries/FEHMotor.o
 .debug_abbrev  0x0000000000000910       0xf8 Drivers/i2c.o
 .debug_abbrev  0x0000000000000a08      0x187 Drivers/spi.o
 .debug_abbrev  0x0000000000000b8f      0x15b Drivers/uart.o
 .debug_abbrev  0x0000000000000cea      0x18b Drivers/ff.o
 .debug_abbrev  0x0000000000000e75      0x21f Drivers/SDHC.o
 .debug_abbrev  0x0000000000001094       0xce Drivers/lptmr.o
 .debug_abbrev  0x0000000000001162       0xfd FEHProteus.o
 .debug_abbrev  0x000000000000125f      0x1c5 Drivers/FEHPropeller.o
 .debug_abbrev  0x0000000000001424      0x150 Libraries/FEHUtility.o
 .debug_abbrev  0x0000000000001574      0x447 Libraries/FEHIO.o
 .debug_abbrev  0x00000000000019bb      0x126 Drivers/adc16.o
 .debug_abbrev  0x0000000000001ae1      0x1d9 Libraries/FEHBuzzer.o
 .debug_abbrev  0x0000000000001cba      0x311 Libraries/FEHServo.o
 .debug_abbrev  0x0000000000001fcb      0x38b Libraries/FEHLCD.o
 .debug_abbrev  0x0000000000002356      0x13a Libraries/FEHAccel.o
 .debug_abbrev  0x0000000000002490      0x1ca Libraries/FEHBattery.o
 .debug_abbrev  0x000000000000265a      0x230 Drivers/FEHXBee.o
 .debug_abbrev  0x000000000000288a      0x37e Libraries/FEHRPS.o
 .debug_abbrev  0x0000000000002c08      0x339 Libraries/FEHSD.o
 .debug_abbrev  0x0000000000002f41       0xb1 /Applications/FEH//Proteus/EWL/lib/armv7e-m/libc.a(sprintf.o)
 .debug_abbrev  0x0000000000002ff2       0xf0 /Applications/FEH//Proteus/EWL/lib/armv7e-m/libc.a(vsnprintf.o)
 .debug_abbrev  0x00000000000030e2       0x7a /Applications/FEH//Proteus/EWL/lib/armv7e-m/libc.a(exit.o)
 .debug_abbrev  0x000000000000315c       0x95 /Applications/FEH//Proteus/EWL/lib/armv7e-m/libc.a(memcpy.o)
 .debug_abbrev  0x00000000000031f1       0x62 /Applications/FEH//Proteus/EWL/lib/armv7e-m/libc.a(memset.o)
 .debug_abbrev  0x0000000000003253       0x7a /Applications/FEH//Proteus/EWL/lib/armv7e-m/libc.a(strlen.o)
 .debug_abbrev  0x00000000000032cd      0x200 /Applications/FEH//Proteus/EWL/lib/armv7e-m/libc.a(printformat_.o)
 .debug_abbrev  0x00000000000034cd      0x1f0 /Applications/FEH//Proteus/EWL/lib/armv7e-m/libc.a(scanformat_.o)
 .debug_abbrev  0x00000000000036bd       0x85 /Applications/FEH//Proteus/EWL/lib/armv7e-m/libc.a(ctype_aeabi.o)
 .debug_abbrev  0x0000000000003742       0xc2 /Applications/FEH//Proteus/EWL/lib/armv7e-m/libc.a(__strtoul.o)
 .debug_abbrev  0x0000000000003804       0x87 /Applications/FEH//Proteus/EWL/lib/armv7e-m/libc.a(__filll_mem.o)
 .debug_abbrev  0x000000000000388b       0x95 /Applications/FEH//Proteus/EWL/lib/armv7e-m/libc.a(memchr.o)
 .debug_abbrev  0x0000000000003920       0x89 /Applications/FEH//Proteus/EWL/lib/armv7e-m/libc.a(strchr.o)
 .debug_abbrev  0x00000000000039a9       0x99 /Applications/FEH//Proteus/EWL/lib/armv7e-m/librt.a(gcc_ctor_dtor.o)
 .debug_abbrev  0x0000000000003a42      0x137 /Applications/FEH//Proteus/EWL/lib/armv7e-m/librt.a(ROMCopy.o)
 .debug_abbrev  0x0000000000003b79      0x1cc /Applications/FEH//Proteus/EWL/lib/armv7e-m/librt.a(__arm_eabi_init.o)

.debug_loc      0x0000000000000000     0x64e7
 .debug_loc     0x0000000000000000      0x526 ../main.o
 .debug_loc     0x0000000000000526       0xb0 Startup/__arm_start.o
 .debug_loc     0x00000000000005d6       0x38 Startup/__arm_end.o
 .debug_loc     0x000000000000060e       0x84 Startup/kinetis_sysinit.o
 .debug_loc     0x0000000000000692       0xe0 Libraries/FEHMotor.o
 .debug_loc     0x0000000000000772       0xe0 Drivers/i2c.o
 .debug_loc     0x0000000000000852      0x19c Drivers/spi.o
 .debug_loc     0x00000000000009ee       0xe0 Drivers/uart.o
 .debug_loc     0x0000000000000ace      0xa96 Drivers/ff.o
 .debug_loc     0x0000000000001564      0x370 Drivers/SDHC.o
 .debug_loc     0x00000000000018d4       0x38 Drivers/lptmr.o
 .debug_loc     0x000000000000190c       0x64 FEHProteus.o
 .debug_loc     0x0000000000001970      0x118 Drivers/FEHPropeller.o
 .debug_loc     0x0000000000001a88      0x1a8 Libraries/FEHUtility.o
 .debug_loc     0x0000000000001c30      0x8d6 Libraries/FEHIO.o
 .debug_loc     0x0000000000002506       0xa8 Drivers/adc16.o
 .debug_loc     0x00000000000025ae      0x304 Libraries/FEHBuzzer.o
 .debug_loc     0x00000000000028b2      0x1fa Libraries/FEHServo.o
 .debug_loc     0x0000000000002aac     0x1147 Libraries/FEHLCD.o
 .debug_loc     0x0000000000003bf3      0x144 Libraries/FEHAccel.o
 .debug_loc     0x0000000000003d37       0xd4 Libraries/FEHBattery.o
 .debug_loc     0x0000000000003e0b      0x1c0 Drivers/FEHXBee.o
 .debug_loc     0x0000000000003fcb      0x3b0 Libraries/FEHRPS.o
 .debug_loc     0x000000000000437b      0x188 Libraries/FEHSD.o
 .debug_loc     0x0000000000004503       0x3f /Applications/FEH//Proteus/EWL/lib/armv7e-m/libc.a(sprintf.o)
 .debug_loc     0x0000000000004542      0x105 /Applications/FEH//Proteus/EWL/lib/armv7e-m/libc.a(vsnprintf.o)
 .debug_loc     0x0000000000004647       0x3e /Applications/FEH//Proteus/EWL/lib/armv7e-m/libc.a(exit.o)
 .debug_loc     0x0000000000004685       0x59 /Applications/FEH//Proteus/EWL/lib/armv7e-m/libc.a(memcpy.o)
 .debug_loc     0x00000000000046de       0x64 /Applications/FEH//Proteus/EWL/lib/armv7e-m/libc.a(memset.o)
 .debug_loc     0x0000000000004742       0x26 /Applications/FEH//Proteus/EWL/lib/armv7e-m/libc.a(strlen.o)
 .debug_loc     0x0000000000004768      0xbdc /Applications/FEH//Proteus/EWL/lib/armv7e-m/libc.a(printformat_.o)
 .debug_loc     0x0000000000005344      0x8b6 /Applications/FEH//Proteus/EWL/lib/armv7e-m/libc.a(scanformat_.o)
 .debug_loc     0x0000000000005bfa      0x18e /Applications/FEH//Proteus/EWL/lib/armv7e-m/libc.a(ctype_aeabi.o)
 .debug_loc     0x0000000000005d88      0x2bb /Applications/FEH//Proteus/EWL/lib/armv7e-m/libc.a(__strtoul.o)
 .debug_loc     0x0000000000006043      0x12c /Applications/FEH//Proteus/EWL/lib/armv7e-m/libc.a(__filll_mem.o)
 .debug_loc     0x000000000000616f       0x62 /Applications/FEH//Proteus/EWL/lib/armv7e-m/libc.a(memchr.o)
 .debug_loc     0x00000000000061d1       0x7c /Applications/FEH//Proteus/EWL/lib/armv7e-m/libc.a(strchr.o)
 .debug_loc     0x000000000000624d       0x9d /Applications/FEH//Proteus/EWL/lib/armv7e-m/librt.a(gcc_ctor_dtor.o)
 .debug_loc     0x00000000000062ea       0xb9 /Applications/FEH//Proteus/EWL/lib/armv7e-m/librt.a(ROMCopy.o)
 .debug_loc     0x00000000000063a3      0x144 /Applications/FEH//Proteus/EWL/lib/armv7e-m/librt.a(__arm_eabi_init.o)

.debug_aranges  0x0000000000000000      0xf20
 .debug_aranges
                0x0000000000000000       0xe0 ../main.o
 .debug_aranges
                0x00000000000000e0       0x48 Startup/__arm_start.o
 .debug_aranges
                0x0000000000000128       0x20 Startup/__arm_end.o
 .debug_aranges
                0x0000000000000148       0x30 Startup/kinetis_sysinit.o
 .debug_aranges
                0x0000000000000178       0x38 Libraries/FEHMotor.o
 .debug_aranges
                0x00000000000001b0       0x38 Drivers/i2c.o
 .debug_aranges
                0x00000000000001e8       0x58 Drivers/spi.o
 .debug_aranges
                0x0000000000000240       0x38 Drivers/uart.o
 .debug_aranges
                0x0000000000000278      0x198 Drivers/ff.o
 .debug_aranges
                0x0000000000000410       0x98 Drivers/SDHC.o
 .debug_aranges
                0x00000000000004a8       0x20 Drivers/lptmr.o
 .debug_aranges
                0x00000000000004c8       0x28 FEHProteus.o
 .debug_aranges
                0x00000000000004f0       0x40 Drivers/FEHPropeller.o
 .debug_aranges
                0x0000000000000530       0x58 Libraries/FEHUtility.o
 .debug_aranges
                0x0000000000000588      0x160 Libraries/FEHIO.o
 .debug_aranges
                0x00000000000006e8       0x30 Drivers/adc16.o
 .debug_aranges
                0x0000000000000718       0x88 Libraries/FEHBuzzer.o
 .debug_aranges
                0x00000000000007a0       0x60 Libraries/FEHServo.o
 .debug_aranges
                0x0000000000000800      0x290 Libraries/FEHLCD.o
 .debug_aranges
                0x0000000000000a90       0x48 Libraries/FEHAccel.o
 .debug_aranges
                0x0000000000000ad8       0x38 Libraries/FEHBattery.o
 .debug_aranges
                0x0000000000000b10       0x58 Drivers/FEHXBee.o
 .debug_aranges
                0x0000000000000b68       0xa0 Libraries/FEHRPS.o
 .debug_aranges
                0x0000000000000c08       0x50 Libraries/FEHSD.o
 .debug_aranges
                0x0000000000000c58       0x20 /Applications/FEH//Proteus/EWL/lib/armv7e-m/libc.a(sprintf.o)
 .debug_aranges
                0x0000000000000c78       0x28 /Applications/FEH//Proteus/EWL/lib/armv7e-m/libc.a(vsnprintf.o)
 .debug_aranges
                0x0000000000000ca0       0x20 /Applications/FEH//Proteus/EWL/lib/armv7e-m/libc.a(exit.o)
 .debug_aranges
                0x0000000000000cc0       0x20 /Applications/FEH//Proteus/EWL/lib/armv7e-m/libc.a(memcpy.o)
 .debug_aranges
                0x0000000000000ce0       0x20 /Applications/FEH//Proteus/EWL/lib/armv7e-m/libc.a(memset.o)
 .debug_aranges
                0x0000000000000d00       0x20 /Applications/FEH//Proteus/EWL/lib/armv7e-m/libc.a(strlen.o)
 .debug_aranges
                0x0000000000000d20       0x28 /Applications/FEH//Proteus/EWL/lib/armv7e-m/libc.a(printformat_.o)
 .debug_aranges
                0x0000000000000d48       0x20 /Applications/FEH//Proteus/EWL/lib/armv7e-m/libc.a(scanformat_.o)
 .debug_aranges
                0x0000000000000d68       0x88 /Applications/FEH//Proteus/EWL/lib/armv7e-m/libc.a(ctype_aeabi.o)
 .debug_aranges
                0x0000000000000df0       0x20 /Applications/FEH//Proteus/EWL/lib/armv7e-m/libc.a(__strtoul.o)
 .debug_aranges
                0x0000000000000e10       0x20 /Applications/FEH//Proteus/EWL/lib/armv7e-m/libc.a(__filll_mem.o)
 .debug_aranges
                0x0000000000000e30       0x20 /Applications/FEH//Proteus/EWL/lib/armv7e-m/libc.a(memchr.o)
 .debug_aranges
                0x0000000000000e50       0x20 /Applications/FEH//Proteus/EWL/lib/armv7e-m/libc.a(strchr.o)
 .debug_aranges
                0x0000000000000e70       0x28 /Applications/FEH//Proteus/EWL/lib/armv7e-m/librt.a(gcc_ctor_dtor.o)
 .debug_aranges
                0x0000000000000e98       0x30 /Applications/FEH//Proteus/EWL/lib/armv7e-m/librt.a(ROMCopy.o)
 .debug_aranges
                0x0000000000000ec8       0x58 /Applications/FEH//Proteus/EWL/lib/armv7e-m/librt.a(__arm_eabi_init.o)

.debug_macinfo  0x0000000000000000   0x89e435
 .debug_macinfo
                0x0000000000000000    0x64945 ../main.o
 .debug_macinfo
                0x0000000000064945    0x64a07 Startup/__arm_start.o
 .debug_macinfo
                0x00000000000c934c     0x3670 Startup/__arm_end.o
 .debug_macinfo
                0x00000000000cc9bc    0x64eda Startup/kinetis_sysinit.o
 .debug_macinfo
                0x0000000000131896    0x63268 Libraries/FEHMotor.o
 .debug_macinfo
                0x0000000000194afe    0x6339b Drivers/i2c.o
 .debug_macinfo
                0x00000000001f7e99    0x631e2 Drivers/spi.o
 .debug_macinfo
                0x000000000025b07b    0x631d3 Drivers/uart.o
 .debug_macinfo
                0x00000000002be24e     0x45a2 Drivers/ff.o
 .debug_macinfo
                0x00000000002c27f0    0x64737 Drivers/SDHC.o
 .debug_macinfo
                0x0000000000326f27    0x63242 Drivers/lptmr.o
 .debug_macinfo
                0x000000000038a169    0x631e8 FEHProteus.o
 .debug_macinfo
                0x00000000003ed351    0x63291 Drivers/FEHPropeller.o
 .debug_macinfo
                0x00000000004505e2    0x631fd Libraries/FEHUtility.o
 .debug_macinfo
                0x00000000004b37df    0x64554 Libraries/FEHIO.o
 .debug_macinfo
                0x0000000000517d33    0x63884 Drivers/adc16.o
 .debug_macinfo
                0x000000000057b5b7    0x6322a Libraries/FEHBuzzer.o
 .debug_macinfo
                0x00000000005de7e1    0x64682 Libraries/FEHServo.o
 .debug_macinfo
                0x0000000000642e63    0x64bb7 Libraries/FEHLCD.o
 .debug_macinfo
                0x00000000006a7a1a    0x633ca Libraries/FEHAccel.o
 .debug_macinfo
                0x000000000070ade4    0x638ab Libraries/FEHBattery.o
 .debug_macinfo
                0x000000000076e68f    0x63f69 Drivers/FEHXBee.o
 .debug_macinfo
                0x00000000007d25f8    0x663a0 Libraries/FEHRPS.o
 .debug_macinfo
                0x0000000000838998    0x65a9d Libraries/FEHSD.o

.debug_line     0x0000000000000000     0x6fea
 .debug_line    0x0000000000000000      0x5cf ../main.o
 .debug_line    0x00000000000005cf      0x39e Startup/__arm_start.o
 .debug_line    0x000000000000096d      0x248 Startup/__arm_end.o
 .debug_line    0x0000000000000bb5      0x288 Startup/kinetis_sysinit.o
 .debug_line    0x0000000000000e3d      0x24a Libraries/FEHMotor.o
 .debug_line    0x0000000000001087      0x236 Drivers/i2c.o
 .debug_line    0x00000000000012bd      0x296 Drivers/spi.o
 .debug_line    0x0000000000001553      0x21f Drivers/uart.o
 .debug_line    0x0000000000001772      0xc64 Drivers/ff.o
 .debug_line    0x00000000000023d6      0x5cd Drivers/SDHC.o
 .debug_line    0x00000000000029a3      0x1d2 Drivers/lptmr.o
 .debug_line    0x0000000000002b75      0x1f4 FEHProteus.o
 .debug_line    0x0000000000002d69      0x267 Drivers/FEHPropeller.o
 .debug_line    0x0000000000002fd0      0x27e Libraries/FEHUtility.o
 .debug_line    0x000000000000324e      0x6ab Libraries/FEHIO.o
 .debug_line    0x00000000000038f9      0x220 Drivers/adc16.o
 .debug_line    0x0000000000003b19      0x2ee Libraries/FEHBuzzer.o
 .debug_line    0x0000000000003e07      0x442 Libraries/FEHServo.o
 .debug_line    0x0000000000004249      0xcd8 Libraries/FEHLCD.o
 .debug_line    0x0000000000004f21      0x24e Libraries/FEHAccel.o
 .debug_line    0x000000000000516f      0x228 Libraries/FEHBattery.o
 .debug_line    0x0000000000005397      0x342 Drivers/FEHXBee.o
 .debug_line    0x00000000000056d9      0x5d8 Libraries/FEHRPS.o
 .debug_line    0x0000000000005cb1      0x342 Libraries/FEHSD.o
 .debug_line    0x0000000000005ff3       0x94 /Applications/FEH//Proteus/EWL/lib/armv7e-m/libc.a(sprintf.o)
 .debug_line    0x0000000000006087       0xd1 /Applications/FEH//Proteus/EWL/lib/armv7e-m/libc.a(vsnprintf.o)
 .debug_line    0x0000000000006158       0x94 /Applications/FEH//Proteus/EWL/lib/armv7e-m/libc.a(exit.o)
 .debug_line    0x00000000000061ec       0x8b /Applications/FEH//Proteus/EWL/lib/armv7e-m/libc.a(memcpy.o)
 .debug_line    0x0000000000006277       0x8f /Applications/FEH//Proteus/EWL/lib/armv7e-m/libc.a(memset.o)
 .debug_line    0x0000000000006306       0x83 /Applications/FEH//Proteus/EWL/lib/armv7e-m/libc.a(strlen.o)
 .debug_line    0x0000000000006389      0x2b4 /Applications/FEH//Proteus/EWL/lib/armv7e-m/libc.a(printformat_.o)
 .debug_line    0x000000000000663d      0x2df /Applications/FEH//Proteus/EWL/lib/armv7e-m/libc.a(scanformat_.o)
 .debug_line    0x000000000000691c      0x1a9 /Applications/FEH//Proteus/EWL/lib/armv7e-m/libc.a(ctype_aeabi.o)
 .debug_line    0x0000000000006ac5      0x11b /Applications/FEH//Proteus/EWL/lib/armv7e-m/libc.a(__strtoul.o)
 .debug_line    0x0000000000006be0       0xcd /Applications/FEH//Proteus/EWL/lib/armv7e-m/libc.a(__filll_mem.o)
 .debug_line    0x0000000000006cad       0x9f /Applications/FEH//Proteus/EWL/lib/armv7e-m/libc.a(memchr.o)
 .debug_line    0x0000000000006d4c       0x7d /Applications/FEH//Proteus/EWL/lib/armv7e-m/libc.a(strchr.o)
 .debug_line    0x0000000000006dc9       0x67 /Applications/FEH//Proteus/EWL/lib/armv7e-m/librt.a(gcc_ctor_dtor.o)
 .debug_line    0x0000000000006e30       0xa9 /Applications/FEH//Proteus/EWL/lib/armv7e-m/librt.a(ROMCopy.o)
 .debug_line    0x0000000000006ed9      0x111 /Applications/FEH//Proteus/EWL/lib/armv7e-m/librt.a(__arm_eabi_init.o)

.debug_str      0x0000000000000000     0x5250
 .debug_str     0x0000000000000000     0x1495 ../main.o
                                       0x157c (size before relaxing)
 .debug_str     0x0000000000001495      0x361 Startup/__arm_start.o
                                        0xe68 (size before relaxing)
 .debug_str     0x00000000000017f6       0x23 Startup/__arm_end.o
                                         0xb3 (size before relaxing)
 .debug_str     0x0000000000001819      0x1d6 Startup/kinetis_sysinit.o
                                        0x367 (size before relaxing)
 .debug_str     0x00000000000019ef       0x52 Libraries/FEHMotor.o
                                        0x2f0 (size before relaxing)
 .debug_str     0x0000000000001a41      0x11a Drivers/i2c.o
                                        0x203 (size before relaxing)
 .debug_str     0x0000000000001b5b      0x18b Drivers/spi.o
                                        0x3af (size before relaxing)
 .debug_str     0x0000000000001ce6      0x188 Drivers/uart.o
                                        0x344 (size before relaxing)
 .debug_str     0x0000000000001e6e      0x6b5 Drivers/ff.o
                                        0x854 (size before relaxing)
 .debug_str     0x0000000000002523      0x546 Drivers/SDHC.o
                                        0x81d (size before relaxing)
 .debug_str     0x0000000000002a69       0x5a Drivers/lptmr.o
                                        0x1fd (size before relaxing)
 .debug_str     0x0000000000002ac3       0x28 FEHProteus.o
                                        0x249 (size before relaxing)
 .debug_str     0x0000000000002aeb       0x3b Drivers/FEHPropeller.o
                                        0x3a0 (size before relaxing)
 .debug_str     0x0000000000002b26       0xc0 Libraries/FEHUtility.o
                                        0x1db (size before relaxing)
 .debug_str     0x0000000000002be6      0xe5a Libraries/FEHIO.o
                                       0x1428 (size before relaxing)
 .debug_str     0x0000000000003a40       0xd7 Drivers/adc16.o
                                        0x28e (size before relaxing)
 .debug_str     0x0000000000003b17      0x1cc Libraries/FEHBuzzer.o
                                        0x3b2 (size before relaxing)
 .debug_str     0x0000000000003ce3      0x26e Libraries/FEHServo.o
                                       0x112f (size before relaxing)
 .debug_str     0x0000000000003f51      0x2e7 Libraries/FEHLCD.o
                                       0x1132 (size before relaxing)
 .debug_str     0x0000000000004238       0x79 Libraries/FEHAccel.o
                                        0x1a3 (size before relaxing)
 .debug_str     0x00000000000042b1       0x81 Libraries/FEHBattery.o
                                        0x384 (size before relaxing)
 .debug_str     0x0000000000004332      0x206 Drivers/FEHXBee.o
                                        0x556 (size before relaxing)
 .debug_str     0x0000000000004538      0x34e Libraries/FEHRPS.o
                                       0x14f3 (size before relaxing)
 .debug_str     0x0000000000004886       0x83 Libraries/FEHSD.o
                                        0xf39 (size before relaxing)
 .debug_str     0x0000000000004909       0xa2 /Applications/FEH//Proteus/EWL/lib/armv7e-m/libc.a(sprintf.o)
                                        0x15a (size before relaxing)
 .debug_str     0x00000000000049ab       0x83 /Applications/FEH//Proteus/EWL/lib/armv7e-m/libc.a(vsnprintf.o)
                                        0x1c3 (size before relaxing)
 .debug_str     0x0000000000004a2e       0x2e /Applications/FEH//Proteus/EWL/lib/armv7e-m/libc.a(exit.o)
                                        0x14e (size before relaxing)
 .debug_str     0x0000000000004a5c       0x1c /Applications/FEH//Proteus/EWL/lib/armv7e-m/libc.a(memcpy.o)
                                        0x12f (size before relaxing)
 .debug_str     0x0000000000004a78       0x1c /Applications/FEH//Proteus/EWL/lib/armv7e-m/libc.a(memset.o)
                                        0x137 (size before relaxing)
 .debug_str     0x0000000000004a94       0x24 /Applications/FEH//Proteus/EWL/lib/armv7e-m/libc.a(strlen.o)
                                        0x137 (size before relaxing)
 .debug_str     0x0000000000004ab8      0x21a /Applications/FEH//Proteus/EWL/lib/armv7e-m/libc.a(printformat_.o)
                                        0x3aa (size before relaxing)
 .debug_str     0x0000000000004cd2      0x17b /Applications/FEH//Proteus/EWL/lib/armv7e-m/libc.a(scanformat_.o)
                                        0x3f0 (size before relaxing)
 .debug_str     0x0000000000004e4d       0x9d /Applications/FEH//Proteus/EWL/lib/armv7e-m/libc.a(ctype_aeabi.o)
                                        0x1b3 (size before relaxing)
 .debug_str     0x0000000000004eea       0x55 /Applications/FEH//Proteus/EWL/lib/armv7e-m/libc.a(__strtoul.o)
                                        0x1f2 (size before relaxing)
 .debug_str     0x0000000000004f3f       0x25 /Applications/FEH//Proteus/EWL/lib/armv7e-m/libc.a(__filll_mem.o)
                                        0x149 (size before relaxing)
 .debug_str     0x0000000000004f64       0x1c /Applications/FEH//Proteus/EWL/lib/armv7e-m/libc.a(memchr.o)
                                        0x13f (size before relaxing)
 .debug_str     0x0000000000004f80       0x1c /Applications/FEH//Proteus/EWL/lib/armv7e-m/libc.a(strchr.o)
                                        0x12e (size before relaxing)
 .debug_str     0x0000000000004f9c      0x126 /Applications/FEH//Proteus/EWL/lib/armv7e-m/librt.a(gcc_ctor_dtor.o)
                                        0x178 (size before relaxing)
 .debug_str     0x00000000000050c2       0x9b /Applications/FEH//Proteus/EWL/lib/armv7e-m/librt.a(ROMCopy.o)
                                        0x133 (size before relaxing)
 .debug_str     0x000000000000515d       0xf3 /Applications/FEH//Proteus/EWL/lib/armv7e-m/librt.a(__arm_eabi_init.o)
                                        0x1ac (size before relaxing)

.comment        0x0000000000000000       0x70
 .comment       0x0000000000000000       0x70 ../main.o
                                         0x71 (size before relaxing)
 .comment       0x0000000000000000       0x71 Startup/__arm_start.o
 .comment       0x0000000000000000       0x71 Startup/__arm_end.o
 .comment       0x0000000000000000       0x71 Startup/kinetis_sysinit.o
 .comment       0x0000000000000000       0x71 Libraries/FEHMotor.o
 .comment       0x0000000000000000       0x71 Drivers/i2c.o
 .comment       0x0000000000000000       0x71 Drivers/spi.o
 .comment       0x0000000000000000       0x71 Drivers/uart.o
 .comment       0x0000000000000000       0x71 Drivers/ff.o
 .comment       0x0000000000000000       0x71 Drivers/SDHC.o
 .comment       0x0000000000000000       0x71 Drivers/lptmr.o
 .comment       0x0000000000000000       0x71 FEHProteus.o
 .comment       0x0000000000000000       0x71 Drivers/FEHPropeller.o
 .comment       0x0000000000000000       0x71 Libraries/FEHUtility.o
 .comment       0x0000000000000000       0x71 Libraries/FEHIO.o
 .comment       0x0000000000000000       0x71 Drivers/adc16.o
 .comment       0x0000000000000000       0x71 Libraries/FEHBuzzer.o
 .comment       0x0000000000000000       0x71 Libraries/FEHServo.o
 .comment       0x0000000000000000       0x71 Libraries/FEHLCD.o
 .comment       0x0000000000000000       0x71 Libraries/FEHAccel.o
 .comment       0x0000000000000000       0x71 Libraries/FEHBattery.o
 .comment       0x0000000000000000       0x71 Drivers/FEHXBee.o
 .comment       0x0000000000000000       0x71 Libraries/FEHRPS.o
 .comment       0x0000000000000000       0x71 Libraries/FEHSD.o
 .comment       0x0000000000000000       0x71 /Applications/FEH//Proteus/EWL/lib/armv7e-m/libc.a(sprintf.o)
 .comment       0x0000000000000000       0x71 /Applications/FEH//Proteus/EWL/lib/armv7e-m/libc.a(vsnprintf.o)
 .comment       0x0000000000000000       0x71 /Applications/FEH//Proteus/EWL/lib/armv7e-m/libc.a(exit.o)
 .comment       0x0000000000000000       0x71 /Applications/FEH//Proteus/EWL/lib/armv7e-m/libc.a(memcpy.o)
 .comment       0x0000000000000000       0x71 /Applications/FEH//Proteus/EWL/lib/armv7e-m/libc.a(memset.o)
 .comment       0x0000000000000000       0x71 /Applications/FEH//Proteus/EWL/lib/armv7e-m/libc.a(strlen.o)
 .comment       0x0000000000000000       0x71 /Applications/FEH//Proteus/EWL/lib/armv7e-m/libc.a(printformat_.o)
 .comment       0x0000000000000000       0x71 /Applications/FEH//Proteus/EWL/lib/armv7e-m/libc.a(scanformat_.o)
 .comment       0x0000000000000000       0x71 /Applications/FEH//Proteus/EWL/lib/armv7e-m/libc.a(ctype_aeabi.o)
 .comment       0x0000000000000000       0x71 /Applications/FEH//Proteus/EWL/lib/armv7e-m/libc.a(__strtoul.o)
 .comment       0x0000000000000000       0x71 /Applications/FEH//Proteus/EWL/lib/armv7e-m/libc.a(__filll_mem.o)
 .comment       0x0000000000000000       0x71 /Applications/FEH//Proteus/EWL/lib/armv7e-m/libc.a(memchr.o)
 .comment       0x0000000000000000       0x71 /Applications/FEH//Proteus/EWL/lib/armv7e-m/libc.a(strchr.o)
 .comment       0x0000000000000000       0x71 /Applications/FEH//Proteus/EWL/lib/armv7e-m/librt.a(gcc_ctor_dtor.o)
 .comment       0x0000000000000000       0x71 /Applications/FEH//Proteus/EWL/lib/armv7e-m/librt.a(ROMCopy.o)
 .comment       0x0000000000000000       0x71 /Applications/FEH//Proteus/EWL/lib/armv7e-m/librt.a(__arm_eabi_init.o)

.debug_frame    0x0000000000000000     0x2c98
 .debug_frame   0x0000000000000000      0x30c ../main.o
 .debug_frame   0x000000000000030c       0x98 Startup/__arm_start.o
 .debug_frame   0x00000000000003a4       0x2c Startup/__arm_end.o
 .debug_frame   0x00000000000003d0       0x5c Startup/kinetis_sysinit.o
 .debug_frame   0x000000000000042c       0x94 Libraries/FEHMotor.o
 .debug_frame   0x00000000000004c0       0x88 Drivers/i2c.o
 .debug_frame   0x0000000000000548       0xf8 Drivers/spi.o
 .debug_frame   0x0000000000000640       0x84 Drivers/uart.o
 .debug_frame   0x00000000000006c4      0x5e8 Drivers/ff.o
 .debug_frame   0x0000000000000cac      0x1e8 Drivers/SDHC.o
 .debug_frame   0x0000000000000e94       0x2c Drivers/lptmr.o
 .debug_frame   0x0000000000000ec0       0x4c FEHProteus.o
 .debug_frame   0x0000000000000f0c       0xa8 Drivers/FEHPropeller.o
 .debug_frame   0x0000000000000fb4       0xf8 Libraries/FEHUtility.o
 .debug_frame   0x00000000000010ac      0x4e8 Libraries/FEHIO.o
 .debug_frame   0x0000000000001594       0x64 Drivers/adc16.o
 .debug_frame   0x00000000000015f8      0x1c8 Libraries/FEHBuzzer.o
 .debug_frame   0x00000000000017c0      0x130 Libraries/FEHServo.o
 .debug_frame   0x00000000000018f0      0x9c0 Libraries/FEHLCD.o
 .debug_frame   0x00000000000022b0       0xd8 Libraries/FEHAccel.o
 .debug_frame   0x0000000000002388       0x8c Libraries/FEHBattery.o
 .debug_frame   0x0000000000002414       0xfc Drivers/FEHXBee.o
 .debug_frame   0x0000000000002510      0x214 Libraries/FEHRPS.o
 .debug_frame   0x0000000000002724       0xf0 Libraries/FEHSD.o
 .debug_frame   0x0000000000002814       0x34 /Applications/FEH//Proteus/EWL/lib/armv7e-m/libc.a(sprintf.o)
 .debug_frame   0x0000000000002848       0x4c /Applications/FEH//Proteus/EWL/lib/armv7e-m/libc.a(vsnprintf.o)
 .debug_frame   0x0000000000002894       0x28 /Applications/FEH//Proteus/EWL/lib/armv7e-m/libc.a(exit.o)
 .debug_frame   0x00000000000028bc       0x28 /Applications/FEH//Proteus/EWL/lib/armv7e-m/libc.a(memcpy.o)
 .debug_frame   0x00000000000028e4       0x28 /Applications/FEH//Proteus/EWL/lib/armv7e-m/libc.a(memset.o)
 .debug_frame   0x000000000000290c       0x20 /Applications/FEH//Proteus/EWL/lib/armv7e-m/libc.a(strlen.o)
 .debug_frame   0x000000000000292c       0x64 /Applications/FEH//Proteus/EWL/lib/armv7e-m/libc.a(printformat_.o)
 .debug_frame   0x0000000000002990       0x3c /Applications/FEH//Proteus/EWL/lib/armv7e-m/libc.a(scanformat_.o)
 .debug_frame   0x00000000000029cc       0xf0 /Applications/FEH//Proteus/EWL/lib/armv7e-m/libc.a(ctype_aeabi.o)
 .debug_frame   0x0000000000002abc       0x3c /Applications/FEH//Proteus/EWL/lib/armv7e-m/libc.a(__strtoul.o)
 .debug_frame   0x0000000000002af8       0x2c /Applications/FEH//Proteus/EWL/lib/armv7e-m/libc.a(__filll_mem.o)
 .debug_frame   0x0000000000002b24       0x20 /Applications/FEH//Proteus/EWL/lib/armv7e-m/libc.a(memchr.o)
 .debug_frame   0x0000000000002b44       0x20 /Applications/FEH//Proteus/EWL/lib/armv7e-m/libc.a(strchr.o)
 .debug_frame   0x0000000000002b64       0x40 /Applications/FEH//Proteus/EWL/lib/armv7e-m/librt.a(gcc_ctor_dtor.o)
 .debug_frame   0x0000000000002ba4       0x48 /Applications/FEH//Proteus/EWL/lib/armv7e-m/librt.a(ROMCopy.o)
 .debug_frame   0x0000000000002bec       0xac /Applications/FEH//Proteus/EWL/lib/armv7e-m/librt.a(__arm_eabi_init.o)
